Component: ARM Compiler 5.06 update 1 (build 61) Tool: armlink [4d35a8]

==============================================================================

Section Cross References

    startup_stm32f10x_hd.o(RESET) refers to startup_stm32f10x_hd.o(STACK) for __initial_sp
    startup_stm32f10x_hd.o(RESET) refers to startup_stm32f10x_hd.o(.text) for Reset_Handler
    startup_stm32f10x_hd.o(RESET) refers to stm32f10x_it.o(i.NMI_Handler) for NMI_Handler
    startup_stm32f10x_hd.o(RESET) refers to stm32f10x_it.o(i.HardFault_Handler) for HardFault_Handler
    startup_stm32f10x_hd.o(RESET) refers to stm32f10x_it.o(i.MemManage_Handler) for MemManage_Handler
    startup_stm32f10x_hd.o(RESET) refers to stm32f10x_it.o(i.BusFault_Handler) for BusFault_Handler
    startup_stm32f10x_hd.o(RESET) refers to stm32f10x_it.o(i.UsageFault_Handler) for UsageFault_Handler
    startup_stm32f10x_hd.o(RESET) refers to stm32f10x_it.o(i.SVC_Handler) for SVC_Handler
    startup_stm32f10x_hd.o(RESET) refers to stm32f10x_it.o(i.DebugMon_Handler) for DebugMon_Handler
    startup_stm32f10x_hd.o(RESET) refers to stm32f10x_it.o(i.PendSV_Handler) for PendSV_Handler
    startup_stm32f10x_hd.o(RESET) refers to stm32f10x_it.o(i.SysTick_Handler) for SysTick_Handler
    startup_stm32f10x_hd.o(RESET) refers to bsp_rtc.o(i.RTC_IRQHandler) for RTC_IRQHandler
    startup_stm32f10x_hd.o(RESET) refers to stm32f10x_it.o(i.USART1_IRQHandler) for USART1_IRQHandler
    startup_stm32f10x_hd.o(RESET) refers to stm32f10x_it.o(i.TIM6_IRQHandler) for TIM6_IRQHandler
    startup_stm32f10x_hd.o(.text) refers to system_stm32f10x.o(i.SystemInit) for SystemInit
    startup_stm32f10x_hd.o(.text) refers to entry.o(.ARM.Collect$$$$00000000) for __main
    main.o(i.main) refers to delay.o(i.delay_init) for delay_init
    main.o(i.main) refers to usart.o(i.USART_Config) for USART_Config
    main.o(i.main) refers to led.o(i.LED_Init) for LED_Init
    main.o(i.main) refers to bsp_lcd.o(i.LCD_Init) for LCD_Init
    main.o(i.main) refers to key.o(i.KEY_Init) for KEY_Init
    main.o(i.main) refers to motor.o(i.motor_init) for motor_init
    main.o(i.main) refers to pid.o(i.PID_init) for PID_init
    main.o(i.main) refers to adc.o(i.Adc_Init) for Adc_Init
    main.o(i.main) refers to bsp_lcd.o(i.LCD_Clear) for LCD_Clear
    main.o(i.main) refers to main.o(i.window_value_show) for window_value_show
    main.o(i.main) refers to key.o(i.KEY_Scan) for KEY_Scan
    main.o(i.main) refers to key.o(i.key_action) for key_action
    main.o(i.main) refers to main.o(i.wave_show) for wave_show
    main.o(i.main) refers to pid.o(i.pid_keep) for pid_keep
    main.o(i.main) refers to main.o(.data) for key
    main.o(i.wave_show) refers to adc.o(i.Get_Adc_Average) for Get_Adc_Average
    main.o(i.wave_show) refers to delay.o(i.delay_ms) for delay_ms
    main.o(i.wave_show) refers to dfltui.o(.text) for __aeabi_ui2d
    main.o(i.wave_show) refers to dmul.o(.text) for __aeabi_dmul
    main.o(i.wave_show) refers to dadd.o(.text) for __aeabi_dadd
    main.o(i.wave_show) refers to dfixui.o(.text) for __aeabi_d2uiz
    main.o(i.wave_show) refers to bsp_lcd.o(i.LCD_DrawLine) for LCD_DrawLine
    main.o(i.wave_show) refers to bsp_lcd.o(.data) for POINT_COLOR
    main.o(i.window_value_show) refers to bsp_lcd.o(i.LCD_ShowString) for LCD_ShowString
    main.o(i.window_value_show) refers to ffixui.o(.text) for __aeabi_f2uiz
    main.o(i.window_value_show) refers to bsp_lcd.o(i.LCD_ShowxNum) for LCD_ShowxNum
    main.o(i.window_value_show) refers to bsp_lcd.o(.data) for POINT_COLOR
    main.o(i.window_value_show) refers to pid.o(.bss) for pid
    key.o(i.KEY_Init) refers to stm32f10x_rcc.o(i.RCC_APB2PeriphClockCmd) for RCC_APB2PeriphClockCmd
    key.o(i.KEY_Init) refers to stm32f10x_gpio.o(i.GPIO_Init) for GPIO_Init
    key.o(i.KEY_Scan) refers to stm32f10x_gpio.o(i.GPIO_ReadInputDataBit) for GPIO_ReadInputDataBit
    key.o(i.KEY_Scan) refers to delay.o(i.delay_ms) for delay_ms
    key.o(i.KEY_Scan) refers to key.o(.data) for key_up
    key.o(i.KEY_Scan) refers to main.o(.data) for key_flag
    key.o(i.key_action) refers to motor.o(i.Motor_State) for Motor_State
    key.o(i.key_action) refers to fadd.o(.text) for __aeabi_fadd
    key.o(i.key_action) refers to main.o(.data) for key
    key.o(i.key_action) refers to key.o(.data) for motor_sta
    key.o(i.key_action) refers to pid.o(.bss) for pid
    led.o(i.LED_Init) refers to stm32f10x_rcc.o(i.RCC_APB2PeriphClockCmd) for RCC_APB2PeriphClockCmd
    led.o(i.LED_Init) refers to stm32f10x_gpio.o(i.GPIO_Init) for GPIO_Init
    led.o(i.LED_Init) refers to stm32f10x_gpio.o(i.GPIO_SetBits) for GPIO_SetBits
    stm32f10x_it.o(i.TIM6_IRQHandler) refers to stm32f10x_tim.o(i.TIM_GetITStatus) for TIM_GetITStatus
    stm32f10x_it.o(i.TIM6_IRQHandler) refers to stm32f10x_tim.o(i.TIM_ClearITPendingBit) for TIM_ClearITPendingBit
    stm32f10x_it.o(i.TIM6_IRQHandler) refers to main.o(.data) for time
[...]
    Removing stm32f10x_rcc.o(i.RCC_RTCCLKCmd), (12 bytes).
    Removing stm32f10x_rcc.o(i.RCC_RTCCLKConfig), (16 bytes).
    Removing stm32f10x_rcc.o(i.RCC_SYSCLKConfig), (24 bytes).
    Removing stm32f10x_rcc.o(i.RCC_USBCLKConfig), (12 bytes).
    Removing stm32f10x_rcc.o(i.RCC_WaitForHSEStartUp), (56 bytes).
    Removing stm32f10x_rtc.o(i.RTC_ClearFlag), (16 bytes).
    Removing stm32f10x_rtc.o(i.RTC_GetDivider), (24 bytes).
    Removing stm32f10x_rtc.o(i.RTC_GetFlagStatus), (24 bytes).
    Removing stm32f10x_rtc.o(i.RTC_ITConfig), (32 bytes).
    Removing stm32f10x_rtc.o(i.RTC_SetAlarm), (28 bytes).
    Removing stm32f10x_rtc.o(i.RTC_SetPrescaler), (32 bytes).
    Removing stm32f10x_rtc.o(i.RTC_WaitForLastTask), (20 bytes).
    Removing stm32f10x_rtc.o(i.RTC_WaitForSynchro), (36 bytes).
    Removing stm32f10x_sdio.o(i.SDIO_CEATAITCmd), (16 bytes).
    Removing stm32f10x_sdio.o(i.SDIO_ClearFlag), (12 bytes).
    Removing stm32f10x_sdio.o(i.SDIO_ClearITPendingBit), (12 bytes).
    Removing stm32f10x_sdio.o(i.SDIO_ClockCmd), (12 bytes).
    Removing stm32f10x_sdio.o(i.SDIO_CmdStructInit), (14 bytes).
    Removing stm32f10x_sdio.o(i.SDIO_CommandCompletionCmd), (12 bytes).
    Removing stm32f10x_sdio.o(i.SDIO_DMACmd), (12 bytes).
    Removing stm32f10x_sdio.o(i.SDIO_DataConfig), (48 bytes).
    Removing stm32f10x_sdio.o(i.SDIO_DataStructInit), (20 bytes).
    Removing stm32f10x_sdio.o(i.SDIO_DeInit), (36 bytes).
    Removing stm32f10x_sdio.o(i.SDIO_GetCommandResponse), (12 bytes).
    Removing stm32f10x_sdio.o(i.SDIO_GetDataCounter), (12 bytes).
    Removing stm32f10x_sdio.o(i.SDIO_GetFIFOCount), (12 bytes).
    Removing stm32f10x_sdio.o(i.SDIO_GetFlagStatus), (24 bytes).
    Removing stm32f10x_sdio.o(i.SDIO_GetITStatus), (24 bytes).
    Removing stm32f10x_sdio.o(i.SDIO_GetPowerState), (16 bytes).
    Removing stm32f10x_sdio.o(i.SDIO_GetResponse), (24 bytes).
    Removing stm32f10x_sdio.o(i.SDIO_ITConfig), (32 bytes).
    Removing stm32f10x_sdio.o(i.SDIO_Init), (48 bytes).
    Removing stm32f10x_sdio.o(i.SDIO_ReadData), (12 bytes).
    Removing stm32f10x_sdio.o(i.SDIO_SendCEATACmd), (12 bytes).
    Removing stm32f10x_sdio.o(i.SDIO_SendCommand), (44 bytes).
    Removing stm32f10x_sdio.o(i.SDIO_SendSDIOSuspendCmd), (12 bytes).
    Removing stm32f10x_sdio.o(i.SDIO_SetPowerState), (28 bytes).
    Removing stm32f10x_sdio.o(i.SDIO_SetSDIOOperation), (12 bytes).
    Removing stm32f10x_sdio.o(i.SDIO_SetSDIOReadWaitMode), (12 bytes).
    Removing stm32f10x_sdio.o(i.SDIO_StartSDIOReadWait), (12 bytes).
    Removing stm32f10x_sdio.o(i.SDIO_StopSDIOReadWait), (12 bytes).
    Removing stm32f10x_sdio.o(i.SDIO_StructInit), (16 bytes).
    Removing stm32f10x_sdio.o(i.SDIO_WriteData), (12 bytes).
    Removing stm32f10x_spi.o(i.I2S_Cmd), (24 bytes).
    Removing stm32f10x_spi.o(i.I2S_Init), (232 bytes).
    Removing stm32f10x_spi.o(i.I2S_StructInit), (20 bytes).
    Removing stm32f10x_spi.o(i.SPI_BiDirectionalLineConfig), (28 bytes).
    Removing stm32f10x_spi.o(i.SPI_CalculateCRC), (24 bytes).
    Removing stm32f10x_spi.o(i.SPI_Cmd), (24 bytes).
    Removing stm32f10x_spi.o(i.SPI_DataSizeConfig), (18 bytes).
    Removing stm32f10x_spi.o(i.SPI_GetCRC), (16 bytes).
    Removing stm32f10x_spi.o(i.SPI_GetCRCPolynomial), (6 bytes).
    Removing stm32f10x_spi.o(i.SPI_I2S_ClearFlag), (6 bytes).
    Removing stm32f10x_spi.o(i.SPI_I2S_ClearITPendingBit), (20 bytes).
    Removing stm32f10x_spi.o(i.SPI_I2S_DMACmd), (18 bytes).
    Removing stm32f10x_spi.o(i.SPI_I2S_DeInit), (88 bytes).
    Removing stm32f10x_spi.o(i.SPI_I2S_GetFlagStatus), (18 bytes).
    Removing stm32f10x_spi.o(i.SPI_I2S_GetITStatus), (52 bytes).
    Removing stm32f10x_spi.o(i.SPI_I2S_ITConfig), (32 bytes).
    Removing stm32f10x_spi.o(i.SPI_I2S_ReceiveData), (6 bytes).
    Removing stm32f10x_spi.o(i.SPI_I2S_SendData), (4 bytes).
    Removing stm32f10x_spi.o(i.SPI_Init), (60 bytes).
    Removing stm32f10x_spi.o(i.SPI_NSSInternalSoftwareConfig), (30 bytes).
    Removing stm32f10x_spi.o(i.SPI_SSOutputCmd), (24 bytes).
    Removing stm32f10x_spi.o(i.SPI_StructInit), (24 bytes).
    Removing stm32f10x_spi.o(i.SPI_TransmitCRC), (10 bytes).
    Removing stm32f10x_tim.o(i.TI1_Config), (128 bytes).
    Removing stm32f10x_tim.o(i.TI2_Config), (152 bytes).
    Removing stm32f10x_tim.o(i.TI3_Config), (144 bytes).
    Removing stm32f10x_tim.o(i.TI4_Config), (152 bytes).
    Removing stm32f10x_tim.o(i.TIM_ARRPreloadConfig), (24 bytes).
    Removing stm32f10x_tim.o(i.TIM_BDTRConfig), (32 bytes).
    Removing stm32f10x_tim.o(i.TIM_BDTRStructInit), (18 bytes).
    Removing stm32f10x_tim.o(i.TIM_CCPreloadControl), (24 bytes).
    Removing stm32f10x_tim.o(i.TIM_CCxCmd), (30 bytes).
    Removing stm32f10x_tim.o(i.TIM_CCxNCmd), (30 bytes).
    Removing stm32f10x_tim.o(i.TIM_ClearFlag), (6 bytes).
    Removing stm32f10x_tim.o(i.TIM_ClearOC1Ref), (18 bytes).
    Removing stm32f10x_tim.o(i.TIM_ClearOC2Ref), (24 bytes).
    Removing stm32f10x_tim.o(i.TIM_ClearOC3Ref), (18 bytes).
    Removing stm32f10x_tim.o(i.TIM_ClearOC4Ref), (24 bytes).
    Removing stm32f10x_tim.o(i.TIM_CounterModeConfig), (18 bytes).
    Removing stm32f10x_tim.o(i.TIM_CtrlPWMOutputs), (30 bytes).
    Removing stm32f10x_tim.o(i.TIM_DMACmd), (18 bytes).
    Removing stm32f10x_tim.o(i.TIM_DMAConfig), (10 bytes).
    Removing stm32f10x_tim.o(i.TIM_DeInit), (488 bytes).
    Removing stm32f10x_tim.o(i.TIM_ETRClockMode1Config), (54 bytes).
    Removing stm32f10x_tim.o(i.TIM_ETRClockMode2Config), (32 bytes).
    Removing stm32f10x_tim.o(i.TIM_ETRConfig), (28 bytes).
    Removing stm32f10x_tim.o(i.TIM_EncoderInterfaceConfig), (66 bytes).
    Removing stm32f10x_tim.o(i.TIM_ForcedOC1Config), (18 bytes).
    Removing stm32f10x_tim.o(i.TIM_ForcedOC2Config), (26 bytes).
    Removing stm32f10x_tim.o(i.TIM_ForcedOC3Config), (18 bytes).
    Removing stm32f10x_tim.o(i.TIM_ForcedOC4Config), (26 bytes).
    Removing stm32f10x_tim.o(i.TIM_GenerateEvent), (4 bytes).
    Removing stm32f10x_tim.o(i.TIM_GetCapture1), (6 bytes).
    Removing stm32f10x_tim.o(i.TIM_GetCapture2), (6 bytes).
    Removing stm32f10x_tim.o(i.TIM_GetCapture3), (6 bytes).
    Removing stm32f10x_tim.o(i.TIM_GetCapture4), (8 bytes).
    Removing stm32f10x_tim.o(i.TIM_GetCounter), (6 bytes).
    Removing stm32f10x_tim.o(i.TIM_GetFlagStatus), (18 bytes).
    Removing stm32f10x_tim.o(i.TIM_GetPrescaler), (6 bytes).
    Removing stm32f10x_tim.o(i.TIM_ICInit), (172 bytes).
    Removing stm32f10x_tim.o(i.TIM_ICStructInit), (18 bytes).
    Removing stm32f10x_tim.o(i.TIM_ITConfig), (18 bytes).
    Removing stm32f10x_tim.o(i.TIM_ITRxExternalClockConfig), (24 bytes).
    Removing stm32f10x_tim.o(i.TIM_InternalClockConfig), (12 bytes).
    Removing stm32f10x_tim.o(i.TIM_OC1FastConfig), (18 bytes).
    Removing stm32f10x_tim.o(i.TIM_OC1NPolarityConfig), (18 bytes).
    Removing stm32f10x_tim.o(i.TIM_OC1PolarityConfig), (18 bytes).
    Removing stm32f10x_tim.o(i.TIM_OC2FastConfig), (26 bytes).
    Removing stm32f10x_tim.o(i.TIM_OC2Init), (164 bytes).
    Removing stm32f10x_tim.o(i.TIM_OC2NPolarityConfig), (26 bytes).
    Removing stm32f10x_tim.o(i.TIM_OC2PolarityConfig), (26 bytes).
    Removing stm32f10x_tim.o(i.TIM_OC2PreloadConfig), (26 bytes).
    Removing stm32f10x_tim.o(i.TIM_OC3FastConfig), (18 bytes).
    Removing stm32f10x_tim.o(i.TIM_OC3Init), (160 bytes).
    Removing stm32f10x_tim.o(i.TIM_OC3NPolarityConfig), (26 bytes).
    Removing stm32f10x_tim.o(i.TIM_OC3PolarityConfig), (26 bytes).
    Removing stm32f10x_tim.o(i.TIM_OC3PreloadConfig), (18 bytes).
    Removing stm32f10x_tim.o(i.TIM_OC4FastConfig), (26 bytes).
    Removing stm32f10x_tim.o(i.TIM_OC4Init), (124 bytes).
    Removing stm32f10x_tim.o(i.TIM_OC4PolarityConfig), (26 bytes).
    Removing stm32f10x_tim.o(i.TIM_OC4PreloadConfig), (26 bytes).
    Removing stm32f10x_tim.o(i.TIM_OCStructInit), (20 bytes).
    Removing stm32f10x_tim.o(i.TIM_PWMIConfig), (124 bytes).
    Removing stm32f10x_tim.o(i.TIM_PrescalerConfig), (6 bytes).
    Removing stm32f10x_tim.o(i.TIM_SelectCCDMA), (24 bytes).
    Removing stm32f10x_tim.o(i.TIM_SelectCOM), (24 bytes).
    Removing stm32f10x_tim.o(i.TIM_SelectHallSensor), (24 bytes).
    Removing stm32f10x_tim.o(i.TIM_SelectInputTrigger), (18 bytes).
    Removing stm32f10x_tim.o(i.TIM_SelectMasterSlaveMode), (18 bytes).
    Removing stm32f10x_tim.o(i.TIM_SelectOCxM), (82 bytes).
    Removing stm32f10x_tim.o(i.TIM_SelectOnePulseMode), (18 bytes).
    Removing stm32f10x_tim.o(i.TIM_SelectOutputTrigger), (18 bytes).
    Removing stm32f10x_tim.o(i.TIM_SelectSlaveMode), (18 bytes).
    Removing stm32f10x_tim.o(i.TIM_SetAutoreload), (4 bytes).
    Removing stm32f10x_tim.o(i.TIM_SetClockDivision), (18 bytes).
    Removing stm32f10x_tim.o(i.TIM_SetCompare1), (4 bytes).
    Removing stm32f10x_tim.o(i.TIM_SetCompare2), (4 bytes).
    Removing stm32f10x_tim.o(i.TIM_SetCompare3), (4 bytes).
    Removing stm32f10x_tim.o(i.TIM_SetCompare4), (6 bytes).
    Removing stm32f10x_tim.o(i.TIM_SetCounter), (4 bytes).
    Removing stm32f10x_tim.o(i.TIM_SetIC1Prescaler), (18 bytes).
    Removing stm32f10x_tim.o(i.TIM_SetIC2Prescaler), (26 bytes).
    Removing stm32f10x_tim.o(i.TIM_SetIC3Prescaler), (18 bytes).
    Removing stm32f10x_tim.o(i.TIM_SetIC4Prescaler), (26 bytes).
    Removing stm32f10x_tim.o(i.TIM_TIxExternalClockConfig), (62 bytes).
    Removing stm32f10x_tim.o(i.TIM_TimeBaseStructInit), (18 bytes).
    Removing stm32f10x_tim.o(i.TIM_UpdateDisableConfig), (24 bytes).
    Removing stm32f10x_tim.o(i.TIM_UpdateRequestConfig), (24 bytes).
    Removing stm32f10x_usart.o(i.USART_ClearITPendingBit), (30 bytes).
    Removing stm32f10x_usart.o(i.USART_ClockInit), (34 bytes).
    Removing stm32f10x_usart.o(i.USART_ClockStructInit), (12 bytes).
    Removing stm32f10x_usart.o(i.USART_DMACmd), (18 bytes).
    Removing stm32f10x_usart.o(i.USART_DeInit), (156 bytes).
    Removing stm32f10x_usart.o(i.USART_HalfDuplexCmd), (24 bytes).
    Removing stm32f10x_usart.o(i.USART_IrDACmd), (24 bytes).
    Removing stm32f10x_usart.o(i.USART_IrDAConfig), (18 bytes).
    Removing stm32f10x_usart.o(i.USART_LINBreakDetectLengthConfig), (18 bytes).
    Removing stm32f10x_usart.o(i.USART_LINCmd), (24 bytes).
    Removing stm32f10x_usart.o(i.USART_OneBitMethodCmd), (24 bytes).
    Removing stm32f10x_usart.o(i.USART_OverSampling8Cmd), (22 bytes).
    Removing stm32f10x_usart.o(i.USART_ReceiverWakeUpCmd), (24 bytes).
    Removing stm32f10x_usart.o(i.USART_SendBreak), (10 bytes).
    Removing stm32f10x_usart.o(i.USART_SetAddress), (18 bytes).
    Removing stm32f10x_usart.o(i.USART_SetGuardTime), (16 bytes).
    Removing stm32f10x_usart.o(i.USART_SetPrescaler), (16 bytes).
    Removing stm32f10x_usart.o(i.USART_SmartCardCmd), (24 bytes).
    Removing stm32f10x_usart.o(i.USART_SmartCardNACKCmd), (24 bytes).
    Removing stm32f10x_usart.o(i.USART_StructInit), (24 bytes).
    Removing stm32f10x_usart.o(i.USART_WakeUpConfig), (18 bytes).
    Removing stm32f10x_wwdg.o(i.WWDG_ClearFlag), (12 bytes).
    Removing stm32f10x_wwdg.o(i.WWDG_DeInit), (22 bytes).
    Removing stm32f10x_wwdg.o(i.WWDG_Enable), (16 bytes).
    Removing stm32f10x_wwdg.o(i.WWDG_EnableIT), (12 bytes).
    Removing stm32f10x_wwdg.o(i.WWDG_GetFlagStatus), (12 bytes).
    Removing stm32f10x_wwdg.o(i.WWDG_SetCounter), (16 bytes).
    Removing stm32f10x_wwdg.o(i.WWDG_SetPrescaler), (24 bytes).
    Removing stm32f10x_wwdg.o(i.WWDG_SetWindowValue), (40 bytes).
    Removing core_cm3.o(.emb_text), (32 bytes).
    Removing system_stm32f10x.o(i.SystemCoreClockUpdate), (164 bytes).
    Removing fmul.o(.text), (100 bytes).
    Removing fdiv.o(.text), (124 bytes).
    Removing cfcmple.o(.text), (20 bytes).
    Removing cfrcmple.o(.text), (20 bytes).
    Removing dfixul.o(.text), (48 bytes).
    Removing cdrcmple.o(.text), (48 bytes).

462 unused section(s) (total 20190 bytes) removed from the image.

==============================================================================

Image Symbol Table

    Local Symbols

    Symbol Name                              Value     Ov Type        Size  Object(Section)

    ../clib/microlib/ctype/ctype.c           0x00000000   Number         0  ctype_c.o ABSOLUTE
    ../clib/microlib/ctype/ctype.c           0x00000000   Number         0  isspace_c.o ABSOLUTE
    ../clib/microlib/division.c              0x00000000   Number         0  uldiv.o ABSOLUTE
    ../clib/microlib/division.c              0x00000000   Number         0  uidiv.o ABSOLUTE
    ../clib/microlib/init/entry.s            0x00000000   Number         0  entry8b.o ABSOLUTE
    ../clib/microlib/init/entry.s            0x00000000   Number         0  entry11b.o ABSOLUTE
    ../clib/microlib/init/entry.s            0x00000000   Number         0  entry5.o ABSOLUTE
    ../clib/microlib/init/entry.s            0x00000000   Number         0  entry11a.o ABSOLUTE
    ../clib/microlib/init/entry.s            0x00000000   Number         0  entry7a.o ABSOLUTE
    ../clib/microlib/init/entry.s            0x00000000   Number         0  entry10b.o ABSOLUTE
    ../clib/microlib/init/entry.s            0x00000000   Number         0  entry7b.o ABSOLUTE
    ../clib/microlib/init/entry.s            0x00000000   Number         0  entry10a.o ABSOLUTE
    ../clib/microlib/init/entry.s            0x00000000   Number         0  entry9b.o ABSOLUTE
    ../clib/microlib/init/entry.s            0x00000000   Number         0  entry.o ABSOLUTE
    ../clib/microlib/init/entry.s            0x00000000   Number         0  entry8a.o ABSOLUTE
    ../clib/microlib/init/entry.s            0x00000000   Number         0  entry2.o ABSOLUTE
    ../clib/microlib/init/entry.s            0x00000000   Number         0  entry9a.o ABSOLUTE
    ../clib/microlib/longlong.c              0x00000000   Number         0  llsshr.o ABSOLUTE
    ../clib/microlib/longlong.c              0x00000000   Number         0  llushr.o ABSOLUTE
    ../clib/microlib/longlong.c              0x00000000   Number         0  llshl.o ABSOLUTE
    ../clib/microlib/printf/printf.c         0x00000000   Number         0  printf7.o ABSOLUTE
    ../clib/microlib/printf/printf.c         0x00000000   Number         0  printf0.o ABSOLUTE
    ../clib/microlib/printf/printf.c         0x00000000   Number         0  printf5.o ABSOLUTE
    ../clib/microlib/printf/printf.c         0x00000000   Number         0  printf4.o ABSOLUTE
    ../clib/microlib/printf/printf.c         0x00000000   Number         0  printf3.o ABSOLUTE
    ../clib/microlib/printf/printf.c         0x00000000   Number         0  printf2.o ABSOLUTE
    ../clib/microlib/printf/printf.c         0x00000000   Number         0  printf1.o ABSOLUTE
    ../clib/microlib/printf/printf.c         0x00000000   Number         0  printf6.o ABSOLUTE
    ../clib/microlib/printf/printf.c         0x00000000   Number         0  printfa.o ABSOLUTE
    ../clib/microlib/printf/printf.c         0x00000000   Number         0  printfb.o ABSOLUTE
    ../clib/microlib/printf/printf.c         0x00000000   Number         0  printf8.o ABSOLUTE
    ../clib/microlib/stdio/fgetc.c           0x00000000   Number         0  fgetc_b.o ABSOLUTE
    ../clib/microlib/stdio/semi.s            0x00000000   Number         0  semi.o ABSOLUTE
    ../clib/microlib/stdio/streams.c         0x00000000   Number         0  stdin.o ABSOLUTE
    ../clib/microlib/stdio/streams.c         0x00000000   Number         0  stdout.o ABSOLUTE
    ../clib/microlib/stubs.s                 0x00000000   Number         0  iusefp.o ABSOLUTE
    ../clib/microlib/stubs.s                 0x00000000   Number         0  iusesemig.o ABSOLUTE
    ../clib/scanf.c                          0x00000000   Number         0  scanf_char_file.o ABSOLUTE
    ../clib/scanf.c                          0x00000000   Number         0  scanf_fp.o ABSOLUTE
    ../clib/scanf.c                          0x00000000   Number         0  __0scanf.o ABSOLUTE
    ../clib/scanf.c                          0x00000000   Number         0  scanf_char.o ABSOLUTE
    ../clib/scanf.c                          0x00000000   Number         0  _scanf.o ABSOLUTE
    ../fplib/microlib/d2f.c                  0x00000000   Number         0  d2f.o ABSOLUTE
    ../fplib/microlib/fpadd.c                0x00000000   Number         0  fadd.o ABSOLUTE
    ../fplib/microlib/fpadd.c                0x00000000   Number         0  dadd.o ABSOLUTE
    ../fplib/microlib/fpdiv.c                0x00000000   Number         0  ddiv.o ABSOLUTE
    ../fplib/microlib/fpdiv.c                0x00000000   Number         0  fdiv.o ABSOLUTE
    ../fplib/microlib/fpepilogue.c           0x00000000   Number         0  fepilogue.o ABSOLUTE
    ../fplib/microlib/fpepilogue.c           0x00000000   Number         0  depilogue.o ABSOLUTE
    ../fplib/microlib/fpfix.c                0x00000000   Number         0  dfixui.o ABSOLUTE
    ../fplib/microlib/fpfix.c                0x00000000   Number         0  dfixul.o ABSOLUTE
    ../fplib/microlib/fpfix.c                0x00000000   Number         0  ffixui.o ABSOLUTE
    ../fplib/microlib/fpflt.c                0x00000000   Number         0  dfltul.o ABSOLUTE
    ../fplib/microlib/fpflt.c                0x00000000   Number         0  ffltui.o ABSOLUTE
    ../fplib/microlib/fpflt.c                0x00000000   Number         0  dfltui.o ABSOLUTE
    ../fplib/microlib/fpmul.c                0x00000000   Number         0  fmul.o ABSOLUTE
    ../fplib/microlib/fpmul.c                0x00000000   Number         0  dmul.o ABSOLUTE
    ..\Libraries\STM32F10x_StdPeriph_Driver\src\misc.c 0x00000000   Number         0  misc.o ABSOLUTE
    ..\Libraries\STM32F10x_StdPeriph_Driver\src\stm32f10x_adc.c 0x00000000   Number         0  stm32f10x_adc.o ABSOLUTE
    ..\Libraries\STM32F10x_StdPeriph_Driver\src\stm32f10x_bkp.c 0x00000000   Number         0  stm32f10x_bkp.o ABSOLUTE
    ..\Libraries\STM32F10x_StdPeriph_Driver\src\stm32f10x_can.c 0x00000000   Number         0  stm32f10x_can.o ABSOLUTE
    ..\Libraries\STM32F10x_StdPeriph_Driver\src\stm32f10x_cec.c 0x00000000   Number         0  stm32f10x_cec.o ABSOLUTE
    ..\Libraries\STM32F10x_StdPeriph_Driver\src\stm32f10x_crc.c 0x00000000   Number         0  stm32f10x_crc.o ABSOLUTE
    ..\Libraries\STM32F10x_StdPeriph_Driver\src\stm32f10x_dac.c 0x00000000   Number         0  stm32f10x_dac.o ABSOLUTE
    ..\Libraries\STM32F10x_StdPeriph_Driver\src\stm32f10x_dbgmcu.c 0x00000000   Number         0  stm32f10x_dbgmcu.o ABSOLUTE
    ..\Libraries\STM32F10x_StdPeriph_Driver\src\stm32f10x_dma.c 0x00000000   Number         0  stm32f10x_dma.o ABSOLUTE
    ..\Libraries\STM32F10x_StdPeriph_Driver\src\stm32f10x_exti.c 0x00000000   Number         0  stm32f10x_exti.o ABSOLUTE
    ..\Libraries\STM32F10x_StdPeriph_Driver\src\stm32f10x_flash.c 0x00000000   Number         0  stm32f10x_flash.o ABSOLUTE
    ..\Libraries\STM32F10x_StdPeriph_Driver\src\stm32f10x_fsmc.c 0x00000000   Number         0  stm32f10x_fsmc.o ABSOLUTE
    ..\Libraries\STM32F10x_StdPeriph_Driver\src\stm32f10x_gpio.c 0x00000000   Number         0  stm32f10x_gpio.o ABSOLUTE
    ..\Libraries\STM32F10x_StdPeriph_Driver\src\stm32f10x_i2c.c 0x00000000   Number         0  stm32f10x_i2c.o ABSOLUTE
    ..\Libraries\STM32F10x_StdPeriph_Driver\src\stm32f10x_iwdg.c 0x00000000   Number         0  stm32f10x_iwdg.o ABSOLUTE
    ..\Libraries\STM32F10x_StdPeriph_Driver\src\stm32f10x_pwr.c 0x00000000   Number         0  stm32f10x_pwr.o ABSOLUTE
    ..\Libraries\STM32F10x_StdPeriph_Driver\src\stm32f10x_rcc.c 0x00000000   Number         0  stm32f10x_rcc.o ABSOLUTE
    ..\Libraries\STM32F10x_StdPeriph_Driver\src\stm32f10x_rtc.c 0x00000000   Number         0  stm32f10x_rtc.o ABSOLUTE
    ..\Libraries\STM32F10x_StdPeriph_Driver\src\stm32f10x_sdio.c 0x00000000   Number         0  stm32f10x_sdio.o ABSOLUTE
    ..\Libraries\STM32F10x_StdPeriph_Driver\src\stm32f10x_spi.c 0x00000000   Number         0  stm32f10x_spi.o ABSOLUTE
    ..\Libraries\STM32F10x_StdPeriph_Driver\src\stm32f10x_tim.c 0x00000000   Number         0  stm32f10x_tim.o ABSOLUTE
    ..\Libraries\STM32F10x_StdPeriph_Driver\src\stm32f10x_usart.c 0x00000000   Number         0  stm32f10x_usart.o ABSOLUTE
    ..\Libraries\STM32F10x_StdPeriph_Driver\src\stm32f10x_wwdg.c 0x00000000   Number         0  stm32f10x_wwdg.o ABSOLUTE
    ..\Libraries\core_cm3.c                  0x00000000   Number         0  core_cm3.o ABSOLUTE
    ..\Libraries\startup\arm\startup_stm32f10x_hd.s 0x00000000   Number         0  startup_stm32f10x_hd.o ABSOLUTE
    ..\Libraries\system_stm32f10x.c          0x00000000   Number         0  system_stm32f10x.o ABSOLUTE
    ..\USER\ADC\adc.c                        0x00000000   Number         0  adc.o ABSOLUTE
    ..\USER\EEPROM\bsp_ee_i2c.c              0x00000000   Number         0  bsp_ee_i2c.o ABSOLUTE
    ..\USER\EEPROM\bsp_i2c.c                 0x00000000   Number         0  bsp_i2c.o ABSOLUTE
    ..\USER\KEY\key.c                        0x00000000   Number         0  key.o ABSOLUTE
    ..\USER\LCD\bsp_lcd.c                    0x00000000   Number         0  bsp_lcd.o ABSOLUTE
    ..\USER\LED\led.c                        0x00000000   Number         0  led.o ABSOLUTE
    ..\USER\PID\pid.c                        0x00000000   Number         0  pid.o ABSOLUTE
    ..\USER\RTC\bsp_rtc.c                    0x00000000   Number         0  bsp_rtc.o ABSOLUTE
    ..\USER\SYSTEM\delay\delay.c             0x00000000   Number         0  delay.o ABSOLUTE
    ..\USER\SYSTEM\sys\sys.c                 0x00000000   Number         0  sys.o ABSOLUTE
    ..\USER\TIME\encoder.c                   0x00000000   Number         0  encoder.o ABSOLUTE
    ..\USER\TIME\motor.c                     0x00000000   Number         0  motor.o ABSOLUTE
    ..\USER\USART\usart.c                    0x00000000   Number         0  usart.o ABSOLUTE
    ..\USER\main.c                           0x00000000   Number         0  main.o ABSOLUTE
    ..\USER\stm32f10x_it.c                   0x00000000   Number         0  stm32f10x_it.o ABSOLUTE
    ..\\Libraries\\core_cm3.c                0x00000000   Number         0  core_cm3.o ABSOLUTE
    ..\\USER\\SYSTEM\\sys\\sys.c             0x00000000   Number         0  sys.o ABSOLUTE
    cdrcmple.s                               0x00000000   Number         0  cdrcmple.o ABSOLUTE
    cfcmple.s                                0x00000000   Number         0  cfcmple.o ABSOLUTE
    cfrcmple.s                               0x00000000   Number         0  cfrcmple.o ABSOLUTE
    dc.s                                     0x00000000   Number         0  dc.o ABSOLUTE
    handlers.s                               0x00000000   Number         0  handlers.o ABSOLUTE
    init.s                                   0x00000000   Number         0  init.o ABSOLUTE
    RESET                                    0x08000000   Section      304  startup_stm32f10x_hd.o(RESET)
    .ARM.Collect$$$$00000000                 0x08000130   Section        0  entry.o(.ARM.Collect$$$$00000000)
    .ARM.Collect$$$$00000001                 0x08000130   Section        4  entry2.o(.ARM.Collect$$$$00000001)
    .ARM.Collect$$$$00000004                 0x08000134   Section        4  entry5.o(.ARM.Collect$$$$00000004)
    .ARM.Collect$$$$00000008                 0x08000138   Section        0  entry7b.o(.ARM.Collect$$$$00000008)
    .ARM.Collect$$$$0000000A                 0x08000138   Section        0  entry8b.o(.ARM.Collect$$$$0000000A)
    .ARM.Collect$$$$0000000B                 0x08000138   Section        8  entry9a.o(.ARM.Collect$$$$0000000B)
    .ARM.Collect$$$$0000000D                 0x08000140   Section        0  entry10a.o(.ARM.Collect$$$$0000000D)
    .ARM.Collect$$$$0000000F                 0x08000140   Section        0  entry11a.o(.ARM.Collect$$$$0000000F)
    .ARM.Collect$$$$00002712                 0x08000140   Section        4  entry2.o(.ARM.Collect$$$$00002712)
    __lit__00000000                          0x08000140   Data           4  entry2.o(.ARM.Collect$$$$00002712)
    .text                                    0x08000144   Section       36  startup_stm32f10x_hd.o(.text)
    .text                                    0x08000168   Section        0  __0scanf.o(.text)
    .text                                    0x08000188   Section        0  scanf_fp.o(.text)
    _fp_value                                0x08000189   Thumb Code   256  scanf_fp.o(.text)
    .text                                    0x080004c0   Section        0  fadd.o(.text)
    .text                                    0x08000570   Section        0  dadd.o(.text)
    .text                                    0x080006be   Section        0  dmul.o(.text)
    .text                                    0x080007a2   Section        0  ffltui.o(.text)
    .text                                    0x080007ac   Section        0  dfltui.o(.text)
    .text                                    0x080007c6   Section        0  ffixui.o(.text)
    .text                                    0x080007ee   Section        0  dfixui.o(.text)
    .text                                    0x08000820   Section        0  llshl.o(.text)
    .text                                    0x0800083e   Section        0  llushr.o(.text)
    .text                                    0x0800085e   Section        0  llsshr.o(.text)
    .text                                    0x08000884   Section        0  scanf_char_file.o(.text)
    .text                                    0x08000898   Section        0  fepilogue.o(.text)
    .text                                    0x08000898   Section        0  iusefp.o(.text)
    .text                                    0x08000906   Section        0  depilogue.o(.text)
    .text                                    0x080009c0   Section        0  ddiv.o(.text)
    .text                                    0x08000a9e   Section        0  dfltul.o(.text)
    .text                                    0x08000ab6   Section        0  d2f.o(.text)
    .text                                    0x08000af0   Section       36  init.o(.text)
    .text                                    0x08000b14   Section        0  fgetc_b.o(.text)
    .text                                    0x08000b40   Section        0  scanf_char.o(.text)
    _scanf_char_input                        0x08000b41   Thumb Code    12  scanf_char.o(.text)
    .text                                    0x08000b68   Section        0  isspace_c.o(.text)
    .text                                    0x08000b68   Section        0  semi.o(.text)
    .text                                    0x08000b74   Section        0  _scanf.o(.text)
    .text                                    0x08000ea0   Section        0  iusesemig.o(.text)
    .text                                    0x08000ea0   Section        0  ctype_c.o(.text)
    i.ADC_Cmd                                0x08000ec8   Section        0  stm32f10x_adc.o(i.ADC_Cmd)
    i.ADC_DeInit                             0x08000ee0   Section        0  stm32f10x_adc.o(i.ADC_DeInit)
    i.ADC_GetCalibrationStatus               0x08000f3c   Section        0  stm32f10x_adc.o(i.ADC_GetCalibrationStatus)
    i.ADC_GetConversionValue                 0x08000f50   Section        0  stm32f10x_adc.o(i.ADC_GetConversionValue)
    i.ADC_GetFlagStatus                      0x08000f58   Section        0  stm32f10x_adc.o(i.ADC_GetFlagStatus)
    i.ADC_GetResetCalibrationStatus          0x08000f6a   Section        0  stm32f10x_adc.o(i.ADC_GetResetCalibrationStatus)
    i.ADC_Init                               0x08000f80   Section        0  stm32f10x_adc.o(i.ADC_Init)
    i.ADC_RegularChannelConfig               0x08000fd0   Section        0  stm32f10x_adc.o(i.ADC_RegularChannelConfig)
    i.ADC_ResetCalibration                   0x08001088   Section        0  stm32f10x_adc.o(i.ADC_ResetCalibration)
    i.ADC_SoftwareStartConvCmd               0x08001092   Section        0  stm32f10x_adc.o(i.ADC_SoftwareStartConvCmd)
    i.ADC_StartCalibration                   0x080010a8   Section        0  stm32f10x_adc.o(i.ADC_StartCalibration)
    i.Adc_Init                               0x080010b4   Section        0  adc.o(i.Adc_Init)
    i.BusFault_Handler                       0x08001140   Section        0  stm32f10x_it.o(i.BusFault_Handler)
    i.DebugMon_Handler                       0x08001144   Section        0  stm32f10x_it.o(i.DebugMon_Handler)
    i.FSMC_NORSRAMCmd                        0x08001148   Section        0  stm32f10x_fsmc.o(i.FSMC_NORSRAMCmd)
    i.FSMC_NORSRAMInit                       0x0800117c   Section        0  stm32f10x_fsmc.o(i.FSMC_NORSRAMInit)
    i.GPIO_Init                              0x08001262   Section        0  stm32f10x_gpio.o(i.GPIO_Init)
    i.GPIO_ReadInputDataBit                  0x08001378   Section        0  stm32f10x_gpio.o(i.GPIO_ReadInputDataBit)
    i.GPIO_ResetBits                         0x0800138a   Section        0  stm32f10x_gpio.o(i.GPIO_ResetBits)
    i.GPIO_SetBits                           0x0800138e   Section        0  stm32f10x_gpio.o(i.GPIO_SetBits)
    i.Get_Adc                                0x08001394   Section        0  adc.o(i.Get_Adc)
    i.Get_Adc_Average                        0x080013c8   Section        0  adc.o(i.Get_Adc_Average)
    i.HardFault_Handler                      0x080013f6   Section        0  stm32f10x_it.o(i.HardFault_Handler)
    i.I2C_ACK                                0x080013fc   Section        0  bsp_i2c.o(i.I2C_ACK)
    i.I2C_Delay                              0x08001430   Section        0  bsp_i2c.o(i.I2C_Delay)
    i.I2C_GPIO_Config                        0x08001440   Section        0  bsp_i2c.o(i.I2C_GPIO_Config)
    i.I2C_NACK                               0x08001488   Section        0  bsp_i2c.o(i.I2C_NACK)
    i.I2C_Read_Byte                          0x080014b4   Section        0  bsp_i2c.o(i.I2C_Read_Byte)
    i.I2C_Send_Byte                          0x080014f8   Section        0  bsp_i2c.o(i.I2C_Send_Byte)
    i.I2C_Start                              0x08001554   Section        0  bsp_i2c.o(i.I2C_Start)
    i.I2C_Stop                               0x08001588   Section        0  bsp_i2c.o(i.I2C_Stop)
    i.I2C_WaitAck                            0x080015ac   Section        0  bsp_i2c.o(i.I2C_WaitAck)
    i.KEY_Init                               0x080015ec   Section        0  key.o(i.KEY_Init)
    i.KEY_Scan                               0x08001628   Section        0  key.o(i.KEY_Scan)
    i.LCD_Clear                              0x08001710   Section        0  bsp_lcd.o(i.LCD_Clear)
    i.LCD_Display_Dir                        0x0800177c   Section        0  bsp_lcd.o(i.LCD_Display_Dir)
    i.LCD_DrawLine                           0x080017e4   Section        0  bsp_lcd.o(i.LCD_DrawLine)
    i.LCD_DrawPoint                          0x08001894   Section        0  bsp_lcd.o(i.LCD_DrawPoint)
    i.LCD_Fast_DrawPoint                     0x080018b8   Section        0  bsp_lcd.o(i.LCD_Fast_DrawPoint)
    i.LCD_Init                               0x08001914   Section        0  bsp_lcd.o(i.LCD_Init)
    i.LCD_Pow                                0x0800298c   Section        0  bsp_lcd.o(i.LCD_Pow)
    i.LCD_RD_DATA                            0x080029a4   Section        0  bsp_lcd.o(i.LCD_RD_DATA)
    i.LCD_Scan_Dir                           0x080029b8   Section        0  bsp_lcd.o(i.LCD_Scan_Dir)
    i.LCD_SetCursor                          0x08002ca4   Section        0  bsp_lcd.o(i.LCD_SetCursor)
    i.LCD_ShowChar                           0x08002cf0   Section        0  bsp_lcd.o(i.LCD_ShowChar)
    i.LCD_ShowString                         0x08002e18   Section        0  bsp_lcd.o(i.LCD_ShowString)
    i.LCD_ShowxNum                           0x08002e7e   Section        0  bsp_lcd.o(i.LCD_ShowxNum)
    i.LCD_WR_DATA                            0x08002f3c   Section        0  bsp_lcd.o(i.LCD_WR_DATA)
    i.LCD_WR_REG                             0x08002f48   Section        0  bsp_lcd.o(i.LCD_WR_REG)
    i.LCD_WriteRAM_Prepare                   0x08002f54   Section        0  bsp_lcd.o(i.LCD_WriteRAM_Prepare)
    i.LCD_WriteReg                           0x08002f68   Section        0  bsp_lcd.o(i.LCD_WriteReg)
    i.LED_Init                               0x08002f78   Section        0  led.o(i.LED_Init)
    i.MOTOR_PWM                              0x08002fd8   Section        0  motor.o(i.MOTOR_PWM)
    MOTOR_PWM                                0x08002fd9   Thumb Code   106  motor.o(i.MOTOR_PWM)
    i.MemManage_Handler                      0x0800304c   Section        0  stm32f10x_it.o(i.MemManage_Handler)
    i.Motor_GPIO                             0x08003050   Section        0  motor.o(i.Motor_GPIO)
    Motor_GPIO                               0x08003051   Thumb Code    74  motor.o(i.Motor_GPIO)
    i.Motor_State                            0x080030a4   Section        0  motor.o(i.Motor_State)
    i.NMI_Handler                            0x08003100   Section        0  stm32f10x_it.o(i.NMI_Handler)
    i.NVIC_Configuration                     0x08003102   Section        0  usart.o(i.NVIC_Configuration)
    NVIC_Configuration                       0x08003103   Thumb Code    38  usart.o(i.NVIC_Configuration)
    i.NVIC_Init                              0x08003128   Section        0  misc.o(i.NVIC_Init)
    i.NVIC_PriorityGroupConfig               0x08003198   Section        0  misc.o(i.NVIC_PriorityGroupConfig)
    i.PID_init                               0x080031ac   Section        0  pid.o(i.PID_init)
    i.PendSV_Handler                         0x08003248   Section        0  stm32f10x_it.o(i.PendSV_Handler)
    i.RCC_ADCCLKConfig                       0x0800324c   Section        0  stm32f10x_rcc.o(i.RCC_ADCCLKConfig)
    i.RCC_AHBPeriphClockCmd                  0x08003264   Section        0  stm32f10x_rcc.o(i.RCC_AHBPeriphClockCmd)
    i.RCC_APB1PeriphClockCmd                 0x08003284   Section        0  stm32f10x_rcc.o(i.RCC_APB1PeriphClockCmd)
    i.RCC_APB2PeriphClockCmd                 0x080032a4   Section        0  stm32f10x_rcc.o(i.RCC_APB2PeriphClockCmd)
    i.RCC_APB2PeriphResetCmd                 0x080032c4   Section        0  stm32f10x_rcc.o(i.RCC_APB2PeriphResetCmd)
    i.RCC_GetClocksFreq                      0x080032e4   Section        0  stm32f10x_rcc.o(i.RCC_GetClocksFreq)
    i.RTC_ClearITPendingBit                  0x080033b8   Section        0  stm32f10x_rtc.o(i.RTC_ClearITPendingBit)
    i.RTC_EnterConfigMode                    0x080033c8   Section        0  stm32f10x_rtc.o(i.RTC_EnterConfigMode)
    i.RTC_ExitConfigMode                     0x080033dc   Section        0  stm32f10x_rtc.o(i.RTC_ExitConfigMode)
    i.RTC_GetCounter                         0x080033f0   Section        0  stm32f10x_rtc.o(i.RTC_GetCounter)
    i.RTC_GetITStatus                        0x08003404   Section        0  stm32f10x_rtc.o(i.RTC_GetITStatus)
    i.RTC_IRQHandler                         0x08003428   Section        0  bsp_rtc.o(i.RTC_IRQHandler)
    i.RTC_SetCounter                         0x08003450   Section        0  stm32f10x_rtc.o(i.RTC_SetCounter)
    i.SVC_Handler                            0x0800346c   Section        0  stm32f10x_it.o(i.SVC_Handler)
    i.SetSysClock                            0x0800346e   Section        0  system_stm32f10x.o(i.SetSysClock)
    SetSysClock                              0x0800346f   Thumb Code     8  system_stm32f10x.o(i.SetSysClock)
    i.SetSysClockTo72                        0x08003478   Section        0  system_stm32f10x.o(i.SetSysClockTo72)
    SetSysClockTo72                          0x08003479   Thumb Code   214  system_stm32f10x.o(i.SetSysClockTo72)
    i.SysTick_CLKSourceConfig                0x08003558   Section        0  misc.o(i.SysTick_CLKSourceConfig)
    i.SysTick_Handler                        0x08003580   Section        0  stm32f10x_it.o(i.SysTick_Handler)
    i.SystemInit                             0x08003584   Section        0  system_stm32f10x.o(i.SystemInit)
    i.TIM6_IRQHandler                        0x080035e4   Section        0  stm32f10x_it.o(i.TIM6_IRQHandler)
    i.TIM_ClearITPendingBit                  0x0800360c   Section        0  stm32f10x_tim.o(i.TIM_ClearITPendingBit)
    i.TIM_Cmd                                0x08003612   Section        0  stm32f10x_tim.o(i.TIM_Cmd)
    i.TIM_GetITStatus                        0x0800362a   Section        0  stm32f10x_tim.o(i.TIM_GetITStatus)
    i.TIM_OC1Init                            0x0800364c   Section        0  stm32f10x_tim.o(i.TIM_OC1Init)
    i.TIM_OC1PreloadConfig                   0x080036e4   Section        0  stm32f10x_tim.o(i.TIM_OC1PreloadConfig)
    i.TIM_TimeBaseInit                       0x080036f8   Section        0  stm32f10x_tim.o(i.TIM_TimeBaseInit)
    i.USART1_IRQHandler                      0x0800379c   Section        0  stm32f10x_it.o(i.USART1_IRQHandler)
    i.USART_ClearFlag                        0x0800387c   Section        0  stm32f10x_usart.o(i.USART_ClearFlag)
    i.USART_Cmd                              0x0800388e   Section        0  stm32f10x_usart.o(i.USART_Cmd)
    i.USART_Config                           0x080038a8   Section        0  usart.o(i.USART_Config)
    i.USART_GetFlagStatus                    0x08003940   Section        0  stm32f10x_usart.o(i.USART_GetFlagStatus)
    i.USART_GetITStatus                      0x0800395a   Section        0  stm32f10x_usart.o(i.USART_GetITStatus)
    i.USART_ITConfig                         0x080039ae   Section        0  stm32f10x_usart.o(i.USART_ITConfig)
    i.USART_Init                             0x080039f8   Section        0  stm32f10x_usart.o(i.USART_Init)
    i.USART_ReceiveData                      0x08003ad0   Section        0  stm32f10x_usart.o(i.USART_ReceiveData)
    i.USART_SendData                         0x08003ada   Section        0  stm32f10x_usart.o(i.USART_SendData)
    i.UsageFault_Handler                     0x08003ae2   Section        0  stm32f10x_it.o(i.UsageFault_Handler)
    i.UsartSendStr                           0x08003ae6   Section        0  usart.o(i.UsartSendStr)
    i.Usart_SetByte                          0x08003b12   Section        0  usart.o(i.Usart_SetByte)
    i.__0printf$bare                         0x08003b30   Section        0  printfb.o(i.__0printf$bare)
    i.__scatterload_copy                     0x08003b40   Section       14  handlers.o(i.__scatterload_copy)
    i.__scatterload_null                     0x08003b4e   Section        2  handlers.o(i.__scatterload_null)
    i.__scatterload_zeroinit                 0x08003b50   Section       14  handlers.o(i.__scatterload_zeroinit)
    i._is_digit                              0x08003b5e   Section        0  scanf_fp.o(i._is_digit)
    i._printf_core                           0x08003b6c   Section        0  printfb.o(i._printf_core)
    _printf_core                             0x08003b6d   Thumb Code    34  printfb.o(i._printf_core)
    i.delay_init                             0x08003b90   Section        0  delay.o(i.delay_init)
    i.delay_ms                               0x08003bd4   Section        0  delay.o(i.delay_ms)
    i.delay_us                               0x08003c20   Section        0  delay.o(i.delay_us)
    i.ee_CheckOk                             0x08003c6c   Section        0  bsp_ee_i2c.o(i.ee_CheckOk)
    i.ee_Delay                               0x08003c82   Section        0  bsp_ee_i2c.o(i.ee_Delay)
    i.ee_ReadByte                            0x08003c94   Section        0  bsp_ee_i2c.o(i.ee_ReadByte)
    i.ee_WriteByte                           0x08003d04   Section        0  bsp_ee_i2c.o(i.ee_WriteByte)
    i.fgetc                                  0x08003d84   Section        0  usart.o(i.fgetc)
    i.fputc                                  0x08003da4   Section        0  usart.o(i.fputc)
    i.i2c_CheckDevice                        0x08003dc8   Section        0  bsp_i2c.o(i.i2c_CheckDevice)
    i.key_action                             0x08003de8   Section        0  key.o(i.key_action)
    i.main                                   0x08003f54   Section        0  main.o(i.main)
    i.motor_init                             0x08003fb0   Section        0  motor.o(i.motor_init)
    i.pid_keep                               0x08003fd4   Section        0  pid.o(i.pid_keep)
    i.wave_show                              0x0800404c   Section        0  main.o(i.wave_show)
    i.window_value_show                      0x080040f8   Section        0  main.o(i.window_value_show)
    .constdata                               0x080041f0   Section     6080  bsp_lcd.o(.constdata)
    .constdata                               0x080059b0   Section       64  ctype_c.o(.constdata)
    .data                                    0x20000000   Section       12  main.o(.data)
    .data                                    0x2000000c   Section        3  key.o(.data)
    key_up                                   0x2000000e   Data           1  key.o(.data)
    .data                                    0x20000010   Section        4  bsp_lcd.o(.data)
    .data                                    0x20000014   Section        4  delay.o(.data)
    fac_us                                   0x20000014   Data           1  delay.o(.data)
    fac_ms                                   0x20000016   Data           2  delay.o(.data)
    .data                                    0x20000018   Section       10  pid.o(.data)
    .data                                    0x20000022   Section       20  stm32f10x_rcc.o(.data)
    APBAHBPrescTable                         0x20000022   Data          16  stm32f10x_rcc.o(.data)
    ADCPrescTable                            0x20000032   Data           4  stm32f10x_rcc.o(.data)
    .data                                    0x20000038   Section       20  system_stm32f10x.o(.data)
    .data                                    0x2000004c   Section        4  stdin.o(.data)
    .data                                    0x20000050   Section        4  stdout.o(.data)
    .data                                    0x20000054   Section        3  fgetc_b.o(.data)
    ungetc_sp                                0x20000054   Data           1  fgetc_b.o(.data)
    ungetc_stack                             0x20000055   Data           2  fgetc_b.o(.data)
    .bss                                     0x20000058   Section       14  bsp_lcd.o(.bss)
    .bss                                     0x20000068   Section       44  pid.o(.bss)
    STACK                                    0x20000098   Section     1024  startup_stm32f10x_hd.o(STACK)

    Global Symbols

    Symbol Name                              Value     Ov Type        Size  Object(Section)

    BuildAttributes$$THM_ISAv4$P$D$K$B$S$PE$A:L22UL41UL21$X:L11$S22US41US21$IEEE1$IW$USESV6$~STKCKD$USESV7$~SHL$OTIME$ROPI$EBA8$MICROLIB$REQ8$PRES8$EABIv2 0x00000000   Number         0  anon$$obj.o ABSOLUTE
    __ARM_use_no_argv                        0x00000000   Number         0  main.o ABSOLUTE
    __cpp_initialize__aeabi_                  - Undefined Weak Reference
    __cxa_finalize                            - Undefined Weak Reference
    __decompress                              - Undefined Weak Reference
    _clock_init                               - Undefined Weak Reference
    _microlib_exit                            - Undefined Weak Reference
    _scanf_int                                - Undefined Weak Reference
    _scanf_longlong                           - Undefined Weak Reference
    _scanf_string                             - Undefined Weak Reference
    __Vectors_Size                           0x00000130   Number         0  startup_stm32f10x_hd.o ABSOLUTE
    __Vectors                                0x08000000   Data           4  startup_stm32f10x_hd.o(RESET)
    __Vectors_End                            0x08000130   Data           0  startup_stm32f10x_hd.o(RESET)
    __main                                   0x08000131   Thumb Code     0  entry.o(.ARM.Collect$$$$00000000)
    _main_stk                                0x08000131   Thumb Code     0  entry2.o(.ARM.Collect$$$$00000001)
    _main_scatterload                        0x08000135   Thumb Code     0  entry5.o(.ARM.Collect$$$$00000004)
    __main_after_scatterload                 0x08000139   Thumb Code     0  entry5.o(.ARM.Collect$$$$00000004)
    _main_clock                              0x08000139   Thumb Code     0  entry7b.o(.ARM.Collect$$$$00000008)
    _main_cpp_init                           0x08000139   Thumb Code     0  entry8b.o(.ARM.Collect$$$$0000000A)
    _main_init                               0x08000139   Thumb Code     0  entry9a.o(.ARM.Collect$$$$0000000B)
    __rt_final_cpp                           0x08000141   Thumb Code     0  entry10a.o(.ARM.Collect$$$$0000000D)
    __rt_final_exit                          0x08000141   Thumb Code     0  entry11a.o(.ARM.Collect$$$$0000000F)
    Reset_Handler                            0x08000145   Thumb Code     8  startup_stm32f10x_hd.o(.text)
    ADC1_2_IRQHandler                        0x0800015f   Thumb Code     0  startup_stm32f10x_hd.o(.text)
    ADC3_IRQHandler                          0x0800015f   Thumb Code     0  startup_stm32f10x_hd.o(.text)
    CAN1_RX1_IRQHandler                      0x0800015f   Thumb Code     0  startup_stm32f10x_hd.o(.text)
    CAN1_SCE_IRQHandler                      0x0800015f   Thumb Code     0  startup_stm32f10x_hd.o(.text)
    DMA1_Channel1_IRQHandler                 0x0800015f   Thumb Code     0  startup_stm32f10x_hd.o(.text)
    DMA1_Channel2_IRQHandler                 0x0800015f   Thumb Code     0  startup_stm32f10x_hd.o(.text)
    DMA1_Channel3_IRQHandler                 0x0800015f   Thumb Code     0  startup_stm32f10x_hd.o(.text)
    DMA1_Channel4_IRQHandler                 0x0800015f   Thumb Code     0  startup_stm32f10x_hd.o(.text)
    DMA1_Channel5_IRQHandler                 0x0800015f   Thumb Code     0  startup_stm32f10x_hd.o(.text)
    DMA1_Channel6_IRQHandler                 0x0800015f   Thumb Code     0  startup_stm32f10x_hd.o(.text)
    DMA1_Channel7_IRQHandler                 0x0800015f   Thumb Code     0  startup_stm32f10x_hd.o(.text)
    DMA2_Channel1_IRQHandler                 0x0800015f   Thumb Code     0  startup_stm32f10x_hd.o(.text)
    DMA2_Channel2_IRQHandler                 0x0800015f   Thumb Code     0  startup_stm32f10x_hd.o(.text)
    DMA2_Channel3_IRQHandler                 0x0800015f   Thumb Code     0  startup_stm32f10x_hd.o(.text)
    DMA2_Channel4_5_IRQHandler               0x0800015f   Thumb Code     0  startup_stm32f10x_hd.o(.text)
    EXTI0_IRQHandler                         0x0800015f   Thumb Code     0  startup_stm32f10x_hd.o(.text)
    EXTI15_10_IRQHandler                     0x0800015f   Thumb Code     0  startup_stm32f10x_hd.o(.text)
    EXTI1_IRQHandler                         0x0800015f   Thumb Code     0  startup_stm32f10x_hd.o(.text)
    EXTI2_IRQHandler                         0x0800015f   Thumb Code     0  startup_stm32f10x_hd.o(.text)
    EXTI3_IRQHandler                         0x0800015f   Thumb Code     0  startup_stm32f10x_hd.o(.text)
    EXTI4_IRQHandler                         0x0800015f   Thumb Code     0  startup_stm32f10x_hd.o(.text)
    EXTI9_5_IRQHandler                       0x0800015f   Thumb Code     0  startup_stm32f10x_hd.o(.text)
    FLASH_IRQHandler                         0x0800015f   Thumb Code     0  startup_stm32f10x_hd.o(.text)
    FSMC_IRQHandler                          0x0800015f   Thumb Code     0  startup_stm32f10x_hd.o(.text)
    I2C1_ER_IRQHandler                       0x0800015f   Thumb Code     0  startup_stm32f10x_hd.o(.text)
    I2C1_EV_IRQHandler                       0x0800015f   Thumb Code     0  startup_stm32f10x_hd.o(.text)
    I2C2_ER_IRQHandler                       0x0800015f   Thumb Code     0  startup_stm32f10x_hd.o(.text)
    I2C2_EV_IRQHandler                       0x0800015f   Thumb Code     0  startup_stm32f10x_hd.o(.text)
    PVD_IRQHandler                           0x0800015f   Thumb Code     0  startup_stm32f10x_hd.o(.text)
    RCC_IRQHandler                           0x0800015f   Thumb Code     0  startup_stm32f10x_hd.o(.text)
    RTCAlarm_IRQHandler                      0x0800015f   Thumb Code     0  startup_stm32f10x_hd.o(.text)
    SDIO_IRQHandler                          0x0800015f   Thumb Code     0  startup_stm32f10x_hd.o(.text)
    SPI1_IRQHandler                          0x0800015f   Thumb Code     0  startup_stm32f10x_hd.o(.text)
    SPI2_IRQHandler                          0x0800015f   Thumb Code     0  startup_stm32f10x_hd.o(.text)
    SPI3_IRQHandler                          0x0800015f   Thumb Code     0  startup_stm32f10x_hd.o(.text)
    TAMPER_IRQHandler                        0x0800015f   Thumb Code     0  startup_stm32f10x_hd.o(.text)
    TIM1_BRK_IRQHandler                      0x0800015f   Thumb Code     0  startup_stm32f10x_hd.o(.text)
    TIM1_CC_IRQHandler                       0x0800015f   Thumb Code     0  startup_stm32f10x_hd.o(.text)
    TIM1_TRG_COM_IRQHandler                  0x0800015f   Thumb Code     0  startup_stm32f10x_hd.o(.text)
    TIM1_UP_IRQHandler                       0x0800015f   Thumb Code     0  startup_stm32f10x_hd.o(.text)
    TIM2_IRQHandler                          0x0800015f   Thumb Code     0  startup_stm32f10x_hd.o(.text)
    TIM3_IRQHandler                          0x0800015f   Thumb Code     0  startup_stm32f10x_hd.o(.text)
    TIM4_IRQHandler                          0x0800015f   Thumb Code     0  startup_stm32f10x_hd.o(.text)
    TIM5_IRQHandler                          0x0800015f   Thumb Code     0  startup_stm32f10x_hd.o(.text)
    TIM7_IRQHandler                          0x0800015f   Thumb Code     0  startup_stm32f10x_hd.o(.text)
    TIM8_BRK_IRQHandler                      0x0800015f   Thumb Code     0  startup_stm32f10x_hd.o(.text)
    TIM8_CC_IRQHandler                       0x0800015f   Thumb Code     0  startup_stm32f10x_hd.o(.text)
    TIM8_TRG_COM_IRQHandler                  0x0800015f   Thumb Code     0  startup_stm32f10x_hd.o(.text)
    TIM8_UP_IRQHandler                       0x0800015f   Thumb Code     0  startup_stm32f10x_hd.o(.text)
    UART4_IRQHandler                         0x0800015f   Thumb Code     0  startup_stm32f10x_hd.o(.text)
    UART5_IRQHandler                         0x0800015f   Thumb Code     0  startup_stm32f10x_hd.o(.text)
    USART2_IRQHandler                        0x0800015f   Thumb Code     0  startup_stm32f10x_hd.o(.text)
    USART3_IRQHandler                        0x0800015f   Thumb Code     0  startup_stm32f10x_hd.o(.text)
    USBWakeUp_IRQHandler                     0x0800015f   Thumb Code     0  startup_stm32f10x_hd.o(.text)
    USB_HP_CAN1_TX_IRQHandler                0x0800015f   Thumb Code     0  startup_stm32f10x_hd.o(.text)
    USB_LP_CAN1_RX0_IRQHandler               0x0800015f   Thumb Code     0  startup_stm32f10x_hd.o(.text)
    WWDG_IRQHandler                          0x0800015f   Thumb Code     0  startup_stm32f10x_hd.o(.text)
    __0scanf                                 0x08000169   Thumb Code    26  __0scanf.o(.text)
    _scanf_real                              0x08000289   Thumb Code     0  scanf_fp.o(.text)
    _scanf_really_real                       0x08000289   Thumb Code   556  scanf_fp.o(.text)
    __aeabi_fadd                             0x080004c1   Thumb Code   164  fadd.o(.text)
    __aeabi_fsub                             0x08000565   Thumb Code     6  fadd.o(.text)
    __aeabi_frsub                            0x0800056b   Thumb Code     6  fadd.o(.text)
    __aeabi_dadd                             0x08000571   Thumb Code   322  dadd.o(.text)
    __aeabi_dsub                             0x080006b3   Thumb Code     6  dadd.o(.text)
    __aeabi_drsub                            0x080006b9   Thumb Code     6  dadd.o(.text)
    __aeabi_dmul                             0x080006bf   Thumb Code   228  dmul.o(.text)
    __aeabi_ui2f                             0x080007a3   Thumb Code    10  ffltui.o(.text)
    __aeabi_ui2d                             0x080007ad   Thumb Code    26  dfltui.o(.text)
    __aeabi_f2uiz                            0x080007c7   Thumb Code    40  ffixui.o(.text)
    __aeabi_d2uiz                            0x080007ef   Thumb Code    50  dfixui.o(.text)
    __aeabi_llsl                             0x08000821   Thumb Code    30  llshl.o(.text)
    _ll_shift_l                              0x08000821   Thumb Code     0  llshl.o(.text)
    __aeabi_llsr                             0x0800083f   Thumb Code    32  llushr.o(.text)
    _ll_ushift_r                             0x0800083f   Thumb Code     0  llushr.o(.text)
    __aeabi_lasr                             0x0800085f   Thumb Code    36  llsshr.o(.text)
    _ll_sshift_r                             0x0800085f   Thumb Code     0  llsshr.o(.text)
    __vfscanf_char_file                      0x08000885   Thumb Code    12  scanf_char_file.o(.text)
    __I$use$fp                               0x08000899   Thumb Code     0  iusefp.o(.text)
    _float_round                             0x08000899   Thumb Code    18  fepilogue.o(.text)
    _float_epilogue                          0x080008ab   Thumb Code    92  fepilogue.o(.text)
    _double_round                            0x08000907   Thumb Code    30  depilogue.o(.text)
    _double_epilogue                         0x08000925   Thumb Code   156  depilogue.o(.text)
    __aeabi_ddiv                             0x080009c1   Thumb Code   222  ddiv.o(.text)
    __aeabi_ul2d                             0x08000a9f   Thumb Code    24  dfltul.o(.text)
    __aeabi_d2f                              0x08000ab7   Thumb Code    56  d2f.o(.text)
    __scatterload                            0x08000af1   Thumb Code    28  init.o(.text)
    __scatterload_rt2                        0x08000af1   Thumb Code     0  init.o(.text)
    _fgetc$bs                                0x08000b15   Thumb Code    28  fgetc_b.o(.text)
    __backspace                              0x08000b31   Thumb Code    10  fgetc_b.o(.text)
    __vfscanf_char                           0x08000b4d   Thumb Code    20  scanf_char.o(.text)
    __semihosting_library_function           0x08000b69   Thumb Code     0  semi.o(.text)
    isspace                                  0x08000b69   Thumb Code    10  isspace_c.o(.text)
    __vfscanf                                0x08000b75   Thumb Code   808  _scanf.o(.text)
    __I$use$semihosting$fgetc                0x08000ea1   Thumb Code     0  iusesemig.o(.text)
    __ctype_lookup                           0x08000ea1   Thumb Code    34  ctype_c.o(.text)
    ADC_Cmd                                  0x08000ec9   Thumb Code    22  stm32f10x_adc.o(i.ADC_Cmd)
    ADC_DeInit                               0x08000ee1   Thumb Code    78  stm32f10x_adc.o(i.ADC_DeInit)
    ADC_GetCalibrationStatus                 0x08000f3d   Thumb Code    20  stm32f10x_adc.o(i.ADC_GetCalibrationStatus)
    ADC_GetConversionValue                   0x08000f51   Thumb Code     8  stm32f10x_adc.o(i.ADC_GetConversionValue)
    ADC_GetFlagStatus                        0x08000f59   Thumb Code    18  stm32f10x_adc.o(i.ADC_GetFlagStatus)
    ADC_GetResetCalibrationStatus            0x08000f6b   Thumb Code    20  stm32f10x_adc.o(i.ADC_GetResetCalibrationStatus)
    ADC_Init                                 0x08000f81   Thumb Code    70  stm32f10x_adc.o(i.ADC_Init)
    ADC_RegularChannelConfig                 0x08000fd1   Thumb Code   184  stm32f10x_adc.o(i.ADC_RegularChannelConfig)
    ADC_ResetCalibration                     0x08001089   Thumb Code    10  stm32f10x_adc.o(i.ADC_ResetCalibration)
    ADC_SoftwareStartConvCmd                 0x08001093   Thumb Code    22  stm32f10x_adc.o(i.ADC_SoftwareStartConvCmd)
    ADC_StartCalibration                     0x080010a9   Thumb Code    10  stm32f10x_adc.o(i.ADC_StartCalibration)
    Adc_Init                                 0x080010b5   Thumb Code   132  adc.o(i.Adc_Init)
    BusFault_Handler                         0x08001141   Thumb Code     4  stm32f10x_it.o(i.BusFault_Handler)
    DebugMon_Handler                         0x08001145   Thumb Code     2  stm32f10x_it.o(i.DebugMon_Handler)
    FSMC_NORSRAMCmd                          0x08001149   Thumb Code    46  stm32f10x_fsmc.o(i.FSMC_NORSRAMCmd)
    FSMC_NORSRAMInit                         0x0800117d   Thumb Code   230  stm32f10x_fsmc.o(i.FSMC_NORSRAMInit)
    GPIO_Init                                0x08001263   Thumb Code   278  stm32f10x_gpio.o(i.GPIO_Init)
    GPIO_ReadInputDataBit                    0x08001379   Thumb Code    18  stm32f10x_gpio.o(i.GPIO_ReadInputDataBit)
    GPIO_ResetBits                           0x0800138b   Thumb Code     4  stm32f10x_gpio.o(i.GPIO_ResetBits)
    GPIO_SetBits                             0x0800138f   Thumb Code     4  stm32f10x_gpio.o(i.GPIO_SetBits)
    Get_Adc                                  0x08001395   Thumb Code    46  adc.o(i.Get_Adc)
    Get_Adc_Average                          0x080013c9   Thumb Code    46  adc.o(i.Get_Adc_Average)
    HardFault_Handler                        0x080013f7   Thumb Code     4  stm32f10x_it.o(i.HardFault_Handler)
    I2C_ACK                                  0x080013fd   Thumb Code    48  bsp_i2c.o(i.I2C_ACK)
    I2C_Delay                                0x08001431   Thumb Code    14  bsp_i2c.o(i.I2C_Delay)
    I2C_GPIO_Config                          0x08001441   Thumb Code    68  bsp_i2c.o(i.I2C_GPIO_Config)
    I2C_NACK                                 0x08001489   Thumb Code    40  bsp_i2c.o(i.I2C_NACK)
    I2C_Read_Byte                            0x080014b5   Thumb Code    62  bsp_i2c.o(i.I2C_Read_Byte)
    I2C_Send_Byte                            0x080014f9   Thumb Code    86  bsp_i2c.o(i.I2C_Send_Byte)
    I2C_Start                                0x08001555   Thumb Code    48  bsp_i2c.o(i.I2C_Start)
    I2C_Stop                                 0x08001589   Thumb Code    32  bsp_i2c.o(i.I2C_Stop)
    I2C_WaitAck                              0x080015ad   Thumb Code    58  bsp_i2c.o(i.I2C_WaitAck)
    KEY_Init                                 0x080015ed   Thumb Code    52  key.o(i.KEY_Init)
    KEY_Scan                                 0x08001629   Thumb Code   214  key.o(i.KEY_Scan)
    LCD_Clear                                0x08001711   Thumb Code   100  bsp_lcd.o(i.LCD_Clear)
    LCD_Display_Dir                          0x0800177d   Thumb Code    98  bsp_lcd.o(i.LCD_Display_Dir)
    LCD_DrawLine                             0x080017e5   Thumb Code   176  bsp_lcd.o(i.LCD_DrawLine)
    LCD_DrawPoint                            0x08001895   Thumb Code    28  bsp_lcd.o(i.LCD_DrawPoint)
    LCD_Fast_DrawPoint                       0x080018b9   Thumb Code    84  bsp_lcd.o(i.LCD_Fast_DrawPoint)
    LCD_Init                                 0x08001915   Thumb Code  4212  bsp_lcd.o(i.LCD_Init)
    LCD_Pow                                  0x0800298d   Thumb Code    22  bsp_lcd.o(i.LCD_Pow)
    LCD_RD_DATA                              0x080029a5   Thumb Code    14  bsp_lcd.o(i.LCD_RD_DATA)
    LCD_Scan_Dir                             0x080029b9   Thumb Code   744  bsp_lcd.o(i.LCD_Scan_Dir)
    LCD_SetCursor                            0x08002ca5   Thumb Code    72  bsp_lcd.o(i.LCD_SetCursor)
    LCD_ShowChar                             0x08002cf1   Thumb Code   272  bsp_lcd.o(i.LCD_ShowChar)
    LCD_ShowString                           0x08002e19   Thumb Code   102  bsp_lcd.o(i.LCD_ShowString)
    LCD_ShowxNum                             0x08002e7f   Thumb Code   190  bsp_lcd.o(i.LCD_ShowxNum)
    LCD_WR_DATA                              0x08002f3d   Thumb Code     6  bsp_lcd.o(i.LCD_WR_DATA)
    LCD_WR_REG                               0x08002f49   Thumb Code     6  bsp_lcd.o(i.LCD_WR_REG)
    LCD_WriteRAM_Prepare                     0x08002f55   Thumb Code    10  bsp_lcd.o(i.LCD_WriteRAM_Prepare)
    LCD_WriteReg                             0x08002f69   Thumb Code    10  bsp_lcd.o(i.LCD_WriteReg)
    LED_Init                                 0x08002f79   Thumb Code    88  led.o(i.LED_Init)
    MemManage_Handler                        0x0800304d   Thumb Code     4  stm32f10x_it.o(i.MemManage_Handler)
    Motor_State                              0x080030a5   Thumb Code    86  motor.o(i.Motor_State)
    NMI_Handler                              0x08003101   Thumb Code     2  stm32f10x_it.o(i.NMI_Handler)
    NVIC_Init                                0x08003129   Thumb Code   100  misc.o(i.NVIC_Init)
    NVIC_PriorityGroupConfig                 0x08003199   Thumb Code    10  misc.o(i.NVIC_PriorityGroupConfig)
    PID_init                                 0x080031ad   Thumb Code   114  pid.o(i.PID_init)
    PendSV_Handler                           0x08003249   Thumb Code     2  stm32f10x_it.o(i.PendSV_Handler)
    RCC_ADCCLKConfig                         0x0800324d   Thumb Code    18  stm32f10x_rcc.o(i.RCC_ADCCLKConfig)
    RCC_AHBPeriphClockCmd                    0x08003265   Thumb Code    26  stm32f10x_rcc.o(i.RCC_AHBPeriphClockCmd)
    RCC_APB1PeriphClockCmd                   0x08003285   Thumb Code    26  stm32f10x_rcc.o(i.RCC_APB1PeriphClockCmd)
    RCC_APB2PeriphClockCmd                   0x080032a5   Thumb Code    26  stm32f10x_rcc.o(i.RCC_APB2PeriphClockCmd)
    RCC_APB2PeriphResetCmd                   0x080032c5   Thumb Code    26  stm32f10x_rcc.o(i.RCC_APB2PeriphResetCmd)
    RCC_GetClocksFreq                        0x080032e5   Thumb Code   192  stm32f10x_rcc.o(i.RCC_GetClocksFreq)
    RTC_ClearITPendingBit                    0x080033b9   Thumb Code    12  stm32f10x_rtc.o(i.RTC_ClearITPendingBit)
    RTC_EnterConfigMode                      0x080033c9   Thumb Code    14  stm32f10x_rtc.o(i.RTC_EnterConfigMode)
    RTC_ExitConfigMode                       0x080033dd   Thumb Code    16  stm32f10x_rtc.o(i.RTC_ExitConfigMode)
    RTC_GetCounter                           0x080033f1   Thumb Code    16  stm32f10x_rtc.o(i.RTC_GetCounter)
    RTC_GetITStatus                          0x08003405   Thumb Code    32  stm32f10x_rtc.o(i.RTC_GetITStatus)
    RTC_IRQHandler                           0x08003429   Thumb Code    36  bsp_rtc.o(i.RTC_IRQHandler)
    RTC_SetCounter                           0x08003451   Thumb Code    24  stm32f10x_rtc.o(i.RTC_SetCounter)
    SVC_Handler                              0x0800346d   Thumb Code     2  stm32f10x_it.o(i.SVC_Handler)
    SysTick_CLKSourceConfig                  0x08003559   Thumb Code    40  misc.o(i.SysTick_CLKSourceConfig)
    SysTick_Handler                          0x08003581   Thumb Code     2  stm32f10x_it.o(i.SysTick_Handler)
    SystemInit                               0x08003585   Thumb Code    78  system_stm32f10x.o(i.SystemInit)
    TIM6_IRQHandler                          0x080035e5   Thumb Code    32  stm32f10x_it.o(i.TIM6_IRQHandler)
    TIM_ClearITPendingBit                    0x0800360d   Thumb Code     6  stm32f10x_tim.o(i.TIM_ClearITPendingBit)
    TIM_Cmd                                  0x08003613   Thumb Code    24  stm32f10x_tim.o(i.TIM_Cmd)
    TIM_GetITStatus                          0x0800362b   Thumb Code    34  stm32f10x_tim.o(i.TIM_GetITStatus)
    TIM_OC1Init                              0x0800364d   Thumb Code   132  stm32f10x_tim.o(i.TIM_OC1Init)
    TIM_OC1PreloadConfig                     0x080036e5   Thumb Code    18  stm32f10x_tim.o(i.TIM_OC1PreloadConfig)
    TIM_TimeBaseInit                         0x080036f9   Thumb Code   122  stm32f10x_tim.o(i.TIM_TimeBaseInit)
    USART1_IRQHandler                        0x0800379d   Thumb Code   144  stm32f10x_it.o(i.USART1_IRQHandler)
    USART_ClearFlag                          0x0800387d   Thumb Code    18  stm32f10x_usart.o(i.USART_ClearFlag)
    USART_Cmd                                0x0800388f   Thumb Code    24  stm32f10x_usart.o(i.USART_Cmd)
    USART_Config                             0x080038a9   Thumb Code   142  usart.o(i.USART_Config)
    USART_GetFlagStatus                      0x08003941   Thumb Code    26  stm32f10x_usart.o(i.USART_GetFlagStatus)
    USART_GetITStatus                        0x0800395b   Thumb Code    84  stm32f10x_usart.o(i.USART_GetITStatus)
    USART_ITConfig                           0x080039af   Thumb Code    74  stm32f10x_usart.o(i.USART_ITConfig)
    USART_Init                               0x080039f9   Thumb Code   210  stm32f10x_usart.o(i.USART_Init)
    USART_ReceiveData                        0x08003ad1   Thumb Code    10  stm32f10x_usart.o(i.USART_ReceiveData)
    USART_SendData                           0x08003adb   Thumb Code     8  stm32f10x_usart.o(i.USART_SendData)
    UsageFault_Handler                       0x08003ae3   Thumb Code     4  stm32f10x_it.o(i.UsageFault_Handler)
    UsartSendStr                             0x08003ae7   Thumb Code    44  usart.o(i.UsartSendStr)
    Usart_SetByte                            0x08003b13   Thumb Code    30  usart.o(i.Usart_SetByte)
    __0printf$bare                           0x08003b31   Thumb Code     8  printfb.o(i.__0printf$bare)
    __1printf$bare                           0x08003b31   Thumb Code     0  printfb.o(i.__0printf$bare)
    __2printf                                0x08003b31   Thumb Code     0  printfb.o(i.__0printf$bare)
    __scatterload_copy                       0x08003b41   Thumb Code    14  handlers.o(i.__scatterload_copy)
    __scatterload_null                       0x08003b4f   Thumb Code     2  handlers.o(i.__scatterload_null)
    __scatterload_zeroinit                   0x08003b51   Thumb Code    14  handlers.o(i.__scatterload_zeroinit)
    _is_digit                                0x08003b5f   Thumb Code    14  scanf_fp.o(i._is_digit)
    delay_init                               0x08003b91   Thumb Code    50  delay.o(i.delay_init)
    delay_ms                                 0x08003bd5   Thumb Code    72  delay.o(i.delay_ms)
    delay_us                                 0x08003c21   Thumb Code    72  delay.o(i.delay_us)
    ee_CheckOk                               0x08003c6d   Thumb Code    22  bsp_ee_i2c.o(i.ee_CheckOk)
    ee_Delay                                 0x08003c83   Thumb Code    18  bsp_ee_i2c.o(i.ee_Delay)
    ee_ReadByte                              0x08003c95   Thumb Code   112  bsp_ee_i2c.o(i.ee_ReadByte)
    ee_WriteByte                             0x08003d05   Thumb Code   128  bsp_ee_i2c.o(i.ee_WriteByte)
    fgetc                                    0x08003d85   Thumb Code    26  usart.o(i.fgetc)
    fputc                                    0x08003da5   Thumb Code    32  usart.o(i.fputc)
    i2c_CheckDevice                          0x08003dc9   Thumb Code    32  bsp_i2c.o(i.i2c_CheckDevice)
    key_action                               0x08003de9   Thumb Code   344  key.o(i.key_action)
    main                                     0x08003f55   Thumb Code    84  main.o(i.main)
    motor_init                               0x08003fb1   Thumb Code    30  motor.o(i.motor_init)
    pid_keep                                 0x08003fd5   Thumb Code    84  pid.o(i.pid_keep)
    wave_show                                0x0800404d   Thumb Code   154  main.o(i.wave_show)
    window_value_show                        0x080040f9   Thumb Code   218  main.o(i.window_value_show)
    asc2_1206                                0x080041f0   Data        1140  bsp_lcd.o(.constdata)
    asc2_1608                                0x08004664   Data        1520  bsp_lcd.o(.constdata)
    asc2_2412                                0x08004c54   Data        3420  bsp_lcd.o(.constdata)
    __ctype_categories                       0x080059b0   Data          64  ctype_c.o(.constdata)
    Region$$Table$$Base                      0x080059f0   Number         0  anon$$obj.o(Region$$Table)
    Region$$Table$$Limit                     0x08005a10   Number         0  anon$$obj.o(Region$$Table)
    key_flag                                 0x20000000   Data           1  main.o(.data)
    key                                      0x20000001   Data           1  main.o(.data)
    speed                                    0x20000004   Data           4  main.o(.data)
    time                                     0x20000008   Data           4  main.o(.data)
    move_flag                                0x2000000c   Data           1  key.o(.data)
    motor_sta                                0x2000000d   Data           1  key.o(.data)
    POINT_COLOR                              0x20000010   Data           2  bsp_lcd.o(.data)
    BACK_COLOR                               0x20000012   Data           2  bsp_lcd.o(.data)
    write_buf                                0x20000018   Data           5  pid.o(.data)
    read_buf                                 0x2000001d   Data           5  pid.o(.data)
    SystemCoreClock                          0x20000038   Data           4  system_stm32f10x.o(.data)
    AHBPrescTable                            0x2000003c   Data          16  system_stm32f10x.o(.data)
    __stdin                                  0x2000004c   Data           4  stdin.o(.data)
    __stdout                                 0x20000050   Data           4  stdout.o(.data)
    lcddev                                   0x20000058   Data          14  bsp_lcd.o(.bss)
    pid                                      0x20000068   Data          44  pid.o(.bss)
    __initial_sp                             0x20000498   Data           0  startup_stm32f10x_hd.o(STACK)



==============================================================================

Memory Map of the image

  Image Entry point : 0x08000131

  Load Region LR_IROM1 (Base: 0x08000000, Size: 0x00005a68, Max: 0x00080000, ABSOLUTE)

    Execution Region ER_IROM1 (Base: 0x08000000, Size: 0x00005a10, Max: 0x00080000, ABSOLUTE)

    Base Addr    Size         Type   Attr      Idx    E Section Name        Object

    0x08000000   0x00000130   Data   RO            3    RESET               startup_stm32f10x_hd.o
    0x08000130   0x00000000   Code   RO         3968  * .ARM.Collect$$$$00000000  mc_w.l(entry.o)
    0x08000130   0x00000004   Code   RO         4259    .ARM.Collect$$$$00000001  mc_w.l(entry2.o)
    0x08000134   0x00000004   Code   RO         4262    .ARM.Collect$$$$00000004  mc_w.l(entry5.o)
    0x08000138   0x00000000   Code   RO         4264    .ARM.Collect$$$$00000008  mc_w.l(entry7b.o)
    0x08000138   0x00000000   Code   RO         4266    .ARM.Collect$$$$0000000A  mc_w.l(entry8b.o)
    0x08000138   0x00000008   Code   RO         4267    .ARM.Collect$$$$0000000B  mc_w.l(entry9a.o)
    0x08000140   0x00000000   Code   RO         4269    .ARM.Collect$$$$0000000D  mc_w.l(entry10a.o)
    0x08000140   0x00000000   Code   RO         4271    .ARM.Collect$$$$0000000F  mc_w.l(entry11a.o)
    0x08000140   0x00000004   Code   RO         4260    .ARM.Collect$$$$00002712  mc_w.l(entry2.o)
    0x08000144   0x00000024   Code   RO            4    .text               startup_stm32f10x_hd.o
    0x08000168   0x00000020   Code   RO         4231    .text               mc_w.l(__0scanf.o)
    0x08000188   0x00000338   Code   RO         4233    .text               mc_w.l(scanf_fp.o)
    0x080004c0   0x000000b0   Code   RO         4237    .text               mf_w.l(fadd.o)
    0x08000570   0x0000014e   Code   RO         4243    .text               mf_w.l(dadd.o)
    0x080006be   0x000000e4   Code   RO         4245    .text               mf_w.l(dmul.o)
    0x080007a2   0x0000000a   Code   RO         4247    .text               mf_w.l(ffltui.o)
    0x080007ac   0x0000001a   Code   RO         4249    .text               mf_w.l(dfltui.o)
    0x080007c6   0x00000028   Code   RO         4251    .text               mf_w.l(ffixui.o)
    0x080007ee   0x00000032   Code   RO         4253    .text               mf_w.l(dfixui.o)
    0x08000820   0x0000001e   Code   RO         4279    .text               mc_w.l(llshl.o)
    0x0800083e   0x00000020   Code   RO         4281    .text               mc_w.l(llushr.o)
    0x0800085e   0x00000024   Code   RO         4283    .text               mc_w.l(llsshr.o)
    0x08000882   0x00000002   PAD
    0x08000884   0x00000014   Code   RO         4285    .text               mc_w.l(scanf_char_file.o)
    0x08000898   0x00000000   Code   RO         4287    .text               mc_w.l(iusefp.o)
    0x08000898   0x0000006e   Code   RO         4288    .text               mf_w.l(fepilogue.o)
    0x08000906   0x000000ba   Code   RO         4290    .text               mf_w.l(depilogue.o)
    0x080009c0   0x000000de   Code   RO         4292    .text               mf_w.l(ddiv.o)
    0x08000a9e   0x00000018   Code   RO         4294    .text               mf_w.l(dfltul.o)
    0x08000ab6   0x00000038   Code   RO         4300    .text               mf_w.l(d2f.o)
    0x08000aee   0x00000002   PAD
    0x08000af0   0x00000024   Code   RO         4302    .text               mc_w.l(init.o)
    0x08000b14   0x0000002c   Code   RO         4304    .text               mc_w.l(fgetc_b.o)
    0x08000b40   0x00000028   Code   RO         4307    .text               mc_w.l(scanf_char.o)
    0x08000b68   0x00000000   Code   RO         4309    .text               mc_w.l(semi.o)
    0x08000b68   0x0000000a   Code   RO         4310    .text               mc_w.l(isspace_c.o)
    0x08000b72   0x00000002   PAD
    0x08000b74   0x0000032c   Code   RO         4312    .text               mc_w.l(_scanf.o)
    0x08000ea0   0x00000000   Code   RO         4314    .text               mc_w.l(iusesemig.o)
    0x08000ea0   0x00000028   Code   RO         4315    .text               mc_w.l(ctype_c.o)
    0x08000ec8   0x00000016   Code   RO          951    i.ADC_Cmd           stm32f10x_adc.o
    0x08000ede   0x00000002   PAD
    0x08000ee0   0x0000005c   Code   RO          953    i.ADC_DeInit        stm32f10x_adc.o
    0x08000f3c   0x00000014   Code   RO          959    i.ADC_GetCalibrationStatus  stm32f10x_adc.o
    0x08000f50   0x00000008   Code   RO          960    i.ADC_GetConversionValue  stm32f10x_adc.o
    0x08000f58   0x00000012   Code   RO          962    i.ADC_GetFlagStatus  stm32f10x_adc.o
    0x08000f6a   0x00000014   Code   RO          965    i.ADC_GetResetCalibrationStatus  stm32f10x_adc.o
    0x08000f7e   0x00000002   PAD
    0x08000f80   0x00000050   Code   RO          969    i.ADC_Init          stm32f10x_adc.o
    0x08000fd0   0x000000b8   Code   RO          973    i.ADC_RegularChannelConfig  stm32f10x_adc.o
    0x08001088   0x0000000a   Code   RO          974    i.ADC_ResetCalibration  stm32f10x_adc.o
    0x08001092   0x00000016   Code   RO          976    i.ADC_SoftwareStartConvCmd  stm32f10x_adc.o
    0x080010a8   0x0000000a   Code   RO          978    i.ADC_StartCalibration  stm32f10x_adc.o
    0x080010b2   0x00000002   PAD
    0x080010b4   0x0000008c   Code   RO          606    i.Adc_Init          adc.o
    0x08001140   0x00000004   Code   RO          204    i.BusFault_Handler  stm32f10x_it.o
    0x08001144   0x00000002   Code   RO          205    i.DebugMon_Handler  stm32f10x_it.o
    0x08001146   0x00000002   PAD
    0x08001148   0x00000034   Code   RO         1969    i.FSMC_NORSRAMCmd   stm32f10x_fsmc.o
    0x0800117c   0x000000e6   Code   RO         1971    i.FSMC_NORSRAMInit  stm32f10x_fsmc.o
    0x08001262   0x00000116   Code   RO         2087    i.GPIO_Init         stm32f10x_gpio.o
    0x08001378   0x00000012   Code   RO         2091    i.GPIO_ReadInputDataBit  stm32f10x_gpio.o
    0x0800138a   0x00000004   Code   RO         2094    i.GPIO_ResetBits    stm32f10x_gpio.o
    0x0800138e   0x00000004   Code   RO         2095    i.GPIO_SetBits      stm32f10x_gpio.o
    0x08001392   0x00000002   PAD
    0x08001394   0x00000034   Code   RO          607    i.Get_Adc           adc.o
    0x080013c8   0x0000002e   Code   RO          608    i.Get_Adc_Average   adc.o
    0x080013f6   0x00000004   Code   RO          206    i.HardFault_Handler  stm32f10x_it.o
    0x080013fa   0x00000002   PAD
    0x080013fc   0x00000034   Code   RO          724    i.I2C_ACK           bsp_i2c.o
    0x08001430   0x0000000e   Code   RO          725    i.I2C_Delay         bsp_i2c.o
    0x0800143e   0x00000002   PAD
    0x08001440   0x00000048   Code   RO          726    i.I2C_GPIO_Config   bsp_i2c.o
    0x08001488   0x0000002c   Code   RO          727    i.I2C_NACK          bsp_i2c.o
    0x080014b4   0x00000044   Code   RO          728    i.I2C_Read_Byte     bsp_i2c.o
    0x080014f8   0x0000005c   Code   RO          729    i.I2C_Send_Byte     bsp_i2c.o
    0x08001554   0x00000034   Code   RO          730    i.I2C_Start         bsp_i2c.o
    0x08001588   0x00000024   Code   RO          731    i.I2C_Stop          bsp_i2c.o
    0x080015ac   0x00000040   Code   RO          732    i.I2C_WaitAck       bsp_i2c.o
    0x080015ec   0x0000003c   Code   RO          164    i.KEY_Init          key.o
    0x08001628   0x000000e8   Code   RO          165    i.KEY_Scan          key.o
    0x08001710   0x0000006c   Code   RO          329    i.LCD_Clear         bsp_lcd.o
    0x0800177c   0x00000068   Code   RO          333    i.LCD_Display_Dir   bsp_lcd.o
    0x080017e4   0x000000b0   Code   RO          334    i.LCD_DrawLine      bsp_lcd.o
    0x08001894   0x00000024   Code   RO          335    i.LCD_DrawPoint     bsp_lcd.o
    0x080018b8   0x0000005c   Code   RO          338    i.LCD_Fast_DrawPoint  bsp_lcd.o
    0x08001914   0x00001078   Code   RO          340    i.LCD_Init          bsp_lcd.o
    0x0800298c   0x00000016   Code   RO          341    i.LCD_Pow           bsp_lcd.o
    0x080029a2   0x00000002   PAD
    0x080029a4   0x00000014   Code   RO          342    i.LCD_RD_DATA       bsp_lcd.o
    0x080029b8   0x000002ec   Code   RO          346    i.LCD_Scan_Dir      bsp_lcd.o
    0x08002ca4   0x0000004c   Code   RO          347    i.LCD_SetCursor     bsp_lcd.o
    0x08002cf0   0x00000128   Code   RO          349    i.LCD_ShowChar      bsp_lcd.o
    0x08002e18   0x00000066   Code   RO          351    i.LCD_ShowString    bsp_lcd.o
    0x08002e7e   0x000000be   Code   RO          352    i.LCD_ShowxNum      bsp_lcd.o
    0x08002f3c   0x0000000c   Code   RO          353    i.LCD_WR_DATA       bsp_lcd.o
    0x08002f48   0x0000000c   Code   RO          354    i.LCD_WR_REG        bsp_lcd.o
    0x08002f54   0x00000014   Code   RO          356    i.LCD_WriteRAM_Prepare  bsp_lcd.o
    0x08002f68   0x00000010   Code   RO          357    i.LCD_WriteReg      bsp_lcd.o
    0x08002f78   0x00000060   Code   RO          192    i.LED_Init          led.o
    0x08002fd8   0x00000074   Code   RO          662    i.MOTOR_PWM         motor.o
    0x0800304c   0x00000004   Code   RO          207    i.MemManage_Handler  stm32f10x_it.o
    0x08003050   0x00000054   Code   RO          663    i.Motor_GPIO        motor.o
    0x080030a4   0x0000005c   Code   RO          664    i.Motor_State       motor.o
    0x08003100   0x00000002   Code   RO          208    i.NMI_Handler       stm32f10x_it.o
    0x08003102   0x00000026   Code   RO          287    i.NVIC_Configuration  usart.o
    0x08003128   0x00000070   Code   RO          840    i.NVIC_Init         misc.o
    0x08003198   0x00000014   Code   RO          841    i.NVIC_PriorityGroupConfig  misc.o
    0x080031ac   0x0000009c   Code   RO          630    i.PID_init          pid.o
    0x08003248   0x00000002   Code   RO          209    i.PendSV_Handler    stm32f10x_it.o
    0x0800324a   0x00000002   PAD
    0x0800324c   0x00000018   Code   RO         2507    i.RCC_ADCCLKConfig  stm32f10x_rcc.o
    0x08003264   0x00000020   Code   RO         2508    i.RCC_AHBPeriphClockCmd  stm32f10x_rcc.o
    0x08003284   0x00000020   Code   RO         2509    i.RCC_APB1PeriphClockCmd  stm32f10x_rcc.o
    0x080032a4   0x00000020   Code   RO         2511    i.RCC_APB2PeriphClockCmd  stm32f10x_rcc.o
    0x080032c4   0x00000020   Code   RO         2512    i.RCC_APB2PeriphResetCmd  stm32f10x_rcc.o
    0x080032e4   0x000000d4   Code   RO         2519    i.RCC_GetClocksFreq  stm32f10x_rcc.o
    0x080033b8   0x00000010   Code   RO         2711    i.RTC_ClearITPendingBit  stm32f10x_rtc.o
    0x080033c8   0x00000014   Code   RO         2712    i.RTC_EnterConfigMode  stm32f10x_rtc.o
    0x080033dc   0x00000014   Code   RO         2713    i.RTC_ExitConfigMode  stm32f10x_rtc.o
    0x080033f0   0x00000014   Code   RO         2714    i.RTC_GetCounter    stm32f10x_rtc.o
    0x08003404   0x00000024   Code   RO         2717    i.RTC_GetITStatus   stm32f10x_rtc.o
    0x08003428   0x00000028   Code   RO          585    i.RTC_IRQHandler    bsp_rtc.o
    0x08003450   0x0000001c   Code   RO         2720    i.RTC_SetCounter    stm32f10x_rtc.o
    0x0800346c   0x00000002   Code   RO          210    i.SVC_Handler       stm32f10x_it.o
    0x0800346e   0x00000008   Code   RO         3934    i.SetSysClock       system_stm32f10x.o
    0x08003476   0x00000002   PAD
    0x08003478   0x000000e0   Code   RO         3935    i.SetSysClockTo72   system_stm32f10x.o
    0x08003558   0x00000028   Code   RO          844    i.SysTick_CLKSourceConfig  misc.o
    0x08003580   0x00000002   Code   RO          211    i.SysTick_Handler   stm32f10x_it.o
    0x08003582   0x00000002   PAD
    0x08003584   0x00000060   Code   RO         3937    i.SystemInit        system_stm32f10x.o
    0x080035e4   0x00000028   Code   RO          212    i.TIM6_IRQHandler   stm32f10x_it.o
    0x0800360c   0x00000006   Code   RO         3147    i.TIM_ClearITPendingBit  stm32f10x_tim.o
    0x08003612   0x00000018   Code   RO         3152    i.TIM_Cmd           stm32f10x_tim.o
    0x0800362a   0x00000022   Code   RO         3173    i.TIM_GetITStatus   stm32f10x_tim.o
    0x0800364c   0x00000098   Code   RO         3181    i.TIM_OC1Init       stm32f10x_tim.o
    0x080036e4   0x00000012   Code   RO         3184    i.TIM_OC1PreloadConfig  stm32f10x_tim.o
    0x080036f6   0x00000002   PAD
    0x080036f8   0x000000a4   Code   RO         3223    i.TIM_TimeBaseInit  stm32f10x_tim.o
    0x0800379c   0x000000e0   Code   RO          213    i.USART1_IRQHandler  stm32f10x_it.o
    0x0800387c   0x00000012   Code   RO         3687    i.USART_ClearFlag   stm32f10x_usart.o
    0x0800388e   0x00000018   Code   RO         3691    i.USART_Cmd         stm32f10x_usart.o
    0x080038a6   0x00000002   PAD
    0x080038a8   0x00000098   Code   RO          288    i.USART_Config      usart.o
    0x08003940   0x0000001a   Code   RO         3694    i.USART_GetFlagStatus  stm32f10x_usart.o
    0x0800395a   0x00000054   Code   RO         3695    i.USART_GetITStatus  stm32f10x_usart.o
    0x080039ae   0x0000004a   Code   RO         3697    i.USART_ITConfig    stm32f10x_usart.o
    0x080039f8   0x000000d8   Code   RO         3698    i.USART_Init        stm32f10x_usart.o
    0x08003ad0   0x0000000a   Code   RO         3705    i.USART_ReceiveData  stm32f10x_usart.o
    0x08003ada   0x00000008   Code   RO         3708    i.USART_SendData    stm32f10x_usart.o
    0x08003ae2   0x00000004   Code   RO          214    i.UsageFault_Handler  stm32f10x_it.o
    0x08003ae6   0x0000002c   Code   RO          289    i.UsartSendStr      usart.o
    0x08003b12   0x0000001e   Code   RO          290    i.Usart_SetByte     usart.o
    0x08003b30   0x00000010   Code   RO         3972    i.__0printf$bare    mc_w.l(printfb.o)
    0x08003b40   0x0000000e   Code   RO         4320    i.__scatterload_copy  mc_w.l(handlers.o)
    0x08003b4e   0x00000002   Code   RO         4321    i.__scatterload_null  mc_w.l(handlers.o)
    0x08003b50   0x0000000e   Code   RO         4322    i.__scatterload_zeroinit  mc_w.l(handlers.o)
    0x08003b5e   0x0000000e   Code   RO         4235    i._is_digit         mc_w.l(scanf_fp.o)
    0x08003b6c   0x00000022   Code   RO         3979    i._printf_core      mc_w.l(printfb.o)
    0x08003b8e   0x00000002   PAD
    0x08003b90   0x00000044   Code   RO          531    i.delay_init        delay.o
    0x08003bd4   0x0000004c   Code   RO          532    i.delay_ms          delay.o
    0x08003c20   0x0000004c   Code   RO          533    i.delay_us          delay.o
    0x08003c6c   0x00000016   Code   RO          691    i.ee_CheckOk        bsp_ee_i2c.o
    0x08003c82   0x00000012   Code   RO          692    i.ee_Delay          bsp_ee_i2c.o
    0x08003c94   0x00000070   Code   RO          693    i.ee_ReadByte       bsp_ee_i2c.o
    0x08003d04   0x00000080   Code   RO          694    i.ee_WriteByte      bsp_ee_i2c.o
    0x08003d84   0x00000020   Code   RO          291    i.fgetc             usart.o
    0x08003da4   0x00000024   Code   RO          292    i.fputc             usart.o
    0x08003dc8   0x00000020   Code   RO          733    i.i2c_CheckDevice   bsp_i2c.o
    0x08003de8   0x0000016c   Code   RO          166    i.key_action        key.o
    0x08003f54   0x0000005c   Code   RO           10    i.main              main.o
    0x08003fb0   0x00000024   Code   RO          665    i.motor_init        motor.o
    0x08003fd4   0x00000078   Code   RO          632    i.pid_keep          pid.o
    0x0800404c   0x000000ac   Code   RO           11    i.wave_show         main.o
    0x080040f8   0x000000f8   Code   RO           12    i.window_value_show  main.o
    0x080041f0   0x000017c0   Data   RO          360    .constdata          bsp_lcd.o
    0x080059b0   0x00000040   Data   RO         4316    .constdata          mc_w.l(ctype_c.o)
    0x080059f0   0x00000020   Data   RO         4318    Region$$Table       anon$$obj.o


    Execution Region RW_IRAM1 (Base: 0x20000000, Size: 0x00000498, Max: 0x00010000, ABSOLUTE)

    Base Addr    Size         Type   Attr      Idx    E Section Name        Object

    0x20000000   0x0000000c   Data   RW           13    .data               main.o
    0x2000000c   0x00000003   Data   RW          167    .data               key.o
    0x2000000f   0x00000001   PAD
    0x20000010   0x00000004   Data   RW          361    .data               bsp_lcd.o
    0x20000014   0x00000004   Data   RW          534    .data               delay.o
    0x20000018   0x0000000a   Data   RW          634    .data               pid.o
    0x20000022   0x00000014   Data   RW         2539    .data               stm32f10x_rcc.o
    0x20000036   0x00000002   PAD
    0x20000038   0x00000014   Data   RW         3938    .data               system_stm32f10x.o
    0x2000004c   0x00000004   Data   RW         4273    .data               mc_w.l(stdin.o)
    0x20000050   0x00000004   Data   RW         4274    .data               mc_w.l(stdout.o)
    0x20000054   0x00000003   Data   RW         4305    .data               mc_w.l(fgetc_b.o)
    0x20000057   0x00000001   PAD
    0x20000058   0x0000000e   Zero   RW          359    .bss                bsp_lcd.o
    0x20000066   0x00000002   PAD
    0x20000068   0x0000002c   Zero   RW          633    .bss                pid.o
    0x20000094   0x00000004   PAD
    0x20000098   0x00000400   Zero   RW            1    STACK               startup_stm32f10x_hd.o


==============================================================================

Image component sizes


      Code (inc. data)   RO Data    RW Data    ZI Data      Debug   Object Name

       238         14          0          0          0       1691   adc.o
       280          0          0          0          0       2993   bsp_ee_i2c.o
       526         38          0          0          0       4934   bsp_i2c.o
      6246        144       6080          4         14      15414   bsp_lcd.o
        40          4          0          0          0        489   bsp_rtc.o
       220         26          0          4          0       1687   delay.o
       656         46          0          3          0       1989   key.o
        96          8          0          0          0        479   led.o
       512         56          0         12          0     263630   main.o
       172         22          0          0          0      12709   misc.o
       328         32          0          0          0       2059   motor.o
       276         78          0         10         44       2163   pid.o
        36          8        304          0       1024        840   startup_stm32f10x_hd.o
       486         24          0          0          0      18062   stm32f10x_adc.o
       282          6          0          0          0       9921   stm32f10x_fsmc.o
       304          0          0          0          0      12256   stm32f10x_gpio.o
       290         88          0          0          0       5980   stm32f10x_it.o
       364         50          0         20          0      15158   stm32f10x_rcc.o
       140         26          0          0          0       3259   stm32f10x_rtc.o
       398         62          0          0          0      24936   stm32f10x_tim.o
       460          6          0          0          0      13115   stm32f10x_usart.o
       328         28          0         20          0       2129   system_stm32f10x.o
       332         20          0          0          0       3518   usart.o

    ----------------------------------------------------------------------
     13036        786       6416         76       1088     419411   Object Totals
         0          0         32          0          0          0   (incl. Generated)
        26          0          0          3          6          0   (incl. Padding)

    ----------------------------------------------------------------------

      Code (inc. data)   RO Data    RW Data    ZI Data      Debug   Library Member Name

        32          6          0          0          0         84   __0scanf.o
       812          4          0          0          0        112   _scanf.o
        40          6         64          0          0         68   ctype_c.o
         0          0          0          0          0          0   entry.o
         0          0          0          0          0          0   entry10a.o
         0          0          0          0          0          0   entry11a.o
         8          4          0          0          0          0   entry2.o
         4          0          0          0          0          0   entry5.o
         0          0          0          0          0          0   entry7b.o
         0          0          0          0          0          0   entry8b.o
         8          4          0          0          0          0   entry9a.o
        44          6          0          3          0        144   fgetc_b.o
        30          0          0          0          0          0   handlers.o
        36          8          0          0          0         68   init.o
        10          0          0          0          0         68   isspace_c.o
         0          0          0          0          0          0   iusefp.o
         0          0          0          0          0          0   iusesemig.o
        30          0          0          0          0         68   llshl.o
        36          0          0          0          0         68   llsshr.o
        32          0          0          0          0         68   llushr.o
        50          8          0          0          0        152   printfb.o
        40          8          0          0          0         84   scanf_char.o
        20          8          0          0          0         68   scanf_char_file.o
       838         12          0          0          0        216   scanf_fp.o
         0          0          0          0          0          0   semi.o
         0          0          0          4          0          0   stdin.o
         0          0          0          4          0          0   stdout.o
        56          0          0          0          0         88   d2f.o
       334          0          0          0          0        148   dadd.o
       222          0          0          0          0        100   ddiv.o
       186          0          0          0          0        176   depilogue.o
        50          0          0          0          0         76   dfixui.o
        26          0          0          0          0         76   dfltui.o
        24          0          0          0          0         76   dfltul.o
       228          0          0          0          0         96   dmul.o
       176          0          0          0          0        140   fadd.o
       110          0          0          0          0        168   fepilogue.o
        40          0          0          0          0         68   ffixui.o
        10          0          0          0          0         68   ffltui.o

    ----------------------------------------------------------------------
      3540         74         64         12          0       2548   Library Totals
         8          0          0          1          0          0   (incl. Padding)

    ----------------------------------------------------------------------

      Code (inc. data)   RO Data    RW Data    ZI Data      Debug   Library Name

      2070         74         64         11          0       1268   mc_w.l
      1462          0          0          0          0       1280   mf_w.l

    ----------------------------------------------------------------------
      3540         74         64         12          0       2548   Library Totals

    ----------------------------------------------------------------------

==============================================================================


      Code (inc. data)   RO Data    RW Data    ZI Data      Debug   

     16576        860       6480         88       1088     414935   Grand Totals
     16576        860       6480         88       1088     414935   ELF Image Totals
     16576        860       6480         88          0          0   ROM Totals

==============================================================================

    Total RO  Size (Code + RO Data)                23056 (  22.52kB)
    Total RW  Size (RW Data + ZI Data)              1176 (   1.15kB)
    Total ROM Size (Code + RO Data + RW Data)      23144 (  22.60kB)

==============================================================================

